Product: MDK-ARM Standard 5.10
Component: ARM Compiler 5.04 update 1 (build 49)
Tool: armlink [5040049]

==============================================================================

Section Cross References

    startup_stm32f407xx.o(STACK) refers (Special) to heapauxi.o(.text) for __use_two_region_memory
    startup_stm32f407xx.o(HEAP) refers (Special) to heapauxi.o(.text) for __use_two_region_memory
    startup_stm32f407xx.o(RESET) refers (Special) to heapauxi.o(.text) for __use_two_region_memory
    startup_stm32f407xx.o(RESET) refers to startup_stm32f407xx.o(STACK) for __initial_sp
    startup_stm32f407xx.o(RESET) refers to startup_stm32f407xx.o(.text) for Reset_Handler
    startup_stm32f407xx.o(RESET) refers to stm32f4xx_it.o(i.NMI_Handler) for NMI_Handler
    startup_stm32f407xx.o(RESET) refers to stm32f4xx_it.o(i.HardFault_Handler) for HardFault_Handler
    startup_stm32f407xx.o(RESET) refers to stm32f4xx_it.o(i.MemManage_Handler) for MemManage_Handler
    startup_stm32f407xx.o(RESET) refers to stm32f4xx_it.o(i.BusFault_Handler) for BusFault_Handler
    startup_stm32f407xx.o(RESET) refers to stm32f4xx_it.o(i.UsageFault_Handler) for UsageFault_Handler
    startup_stm32f407xx.o(RESET) refers to stm32f4xx_it.o(i.SVC_Handler) for SVC_Handler
    startup_stm32f407xx.o(RESET) refers to stm32f4xx_it.o(i.DebugMon_Handler) for DebugMon_Handler
    startup_stm32f407xx.o(RESET) refers to stm32f4xx_it.o(i.PendSV_Handler) for PendSV_Handler
    startup_stm32f407xx.o(RESET) refers to stm32f4xx_it.o(i.SysTick_Handler) for SysTick_Handler
    startup_stm32f407xx.o(RESET) refers to stm32f4xx_it.o(i.USART1_IRQHandler) for USART1_IRQHandler
    startup_stm32f407xx.o(RESET) refers to stm32f4xx_it.o(i.DMA2_Stream2_IRQHandler) for DMA2_Stream2_IRQHandler
    startup_stm32f407xx.o(RESET) refers to stm32f4xx_it.o(i.DMA2_Stream7_IRQHandler) for DMA2_Stream7_IRQHandler
    startup_stm32f407xx.o(.text) refers (Special) to heapauxi.o(.text) for __use_two_region_memory
    startup_stm32f407xx.o(.text) refers to system_stm32f4xx.o(i.SystemInit) for SystemInit
    startup_stm32f407xx.o(.text) refers to __main.o(!!!main) for __main
    startup_stm32f407xx.o(.text) refers to startup_stm32f407xx.o(HEAP) for Heap_Mem
    startup_stm32f407xx.o(.text) refers to startup_stm32f407xx.o(STACK) for Stack_Mem
    main.o(i.App_ProcessPcCommand) refers to uart1_comm.o(i.UART1_Comm_IsTxBusy) for UART1_Comm_IsTxBusy
    main.o(i.App_ProcessPcCommand) refers to uart1_comm.o(i.UART1_Comm_ReadLine) for UART1_Comm_ReadLine
    main.o(i.App_ProcessPcCommand) refers to command_parser.o(i.Command_ParseLine) for Command_ParseLine
    main.o(i.App_ProcessPcCommand) refers to command_parser.o(i.Command_Execute) for Command_Execute
    main.o(i.App_ProcessPcCommand) refers to uart1_comm.o(i.UART1_SendString_DMA) for UART1_SendString_DMA
    main.o(i.HAL_UART_ErrorCallback) refers to uart1_comm.o(i.UART1_Comm_OnError) for UART1_Comm_OnError
    main.o(i.HAL_UART_RxCpltCallback) refers to uart1_comm.o(i.UART1_Comm_OnRxDmaEvent) for UART1_Comm_OnRxDmaEvent
    main.o(i.HAL_UART_RxHalfCpltCallback) refers to uart1_comm.o(i.UART1_Comm_OnRxDmaEvent) for UART1_Comm_OnRxDmaEvent
    main.o(i.HAL_UART_TxCpltCallback) refers to uart1_comm.o(i.UART1_Comm_OnTxCplt) for UART1_Comm_OnTxCplt
    main.o(i.SystemClock_Config) refers to rt_memclr_w.o(.text) for __aeabi_memclr4
    main.o(i.SystemClock_Config) refers to stm32f4xx_hal_rcc.o(i.HAL_RCC_OscConfig) for HAL_RCC_OscConfig
    main.o(i.SystemClock_Config) refers to stm32f4xx_hal_rcc.o(i.HAL_RCC_ClockConfig) for HAL_RCC_ClockConfig
    main.o(i.main) refers to stm32f4xx_hal.o(i.HAL_Init) for HAL_Init
    main.o(i.main) refers to main.o(i.SystemClock_Config) for SystemClock_Config
    main.o(i.main) refers to gpio.o(i.MX_GPIO_Init) for MX_GPIO_Init
    main.o(i.main) refers to dma.o(i.MX_DMA_Init) for MX_DMA_Init
    main.o(i.main) refers to usart.o(i.MX_USART1_UART_Init) for MX_USART1_UART_Init
    main.o(i.main) refers to uart1_comm.o(i.UART1_Comm_Start) for UART1_Comm_Start
    main.o(i.main) refers to bsp_dac8568.o(i.DAC8568_Init) for DAC8568_Init
    main.o(i.main) refers to bsp_dac8568.o(i.DAC8568_SetVoltage) for DAC8568_SetVoltage
    main.o(i.main) refers to ads1255.o(i.ADS1256_GPIO_Init) for ADS1256_GPIO_Init
    main.o(i.main) refers to ads1255.o(i.ADS1256_CfgADC) for ADS1256_CfgADC
    main.o(i.main) refers to ads1255.o(i.ADS1256_SetDiffChannel) for ADS1256_SetDiffChannel
    main.o(i.main) refers to formula.o(i.Formula_TecPid_Init) for Formula_TecPid_Init
    main.o(i.main) refers to pid.o(i.PID_Control_Init) for PID_Control_Init
    main.o(i.main) refers to pid.o(i.PID_Control_RequestAutoTune) for PID_Control_RequestAutoTune
    main.o(i.main) refers to main.o(i.App_ProcessPcCommand) for App_ProcessPcCommand
    main.o(i.main) refers to dflt_clz.o(x$fpl$dfltu) for __aeabi_ui2d
    main.o(i.main) refers to dmul.o(x$fpl$dmul) for __aeabi_dmul
[...]
    __lcctype_c_start                        0x08006b5c   Data           0  lc_ctype_c.o(locale$$data)
    __lcctype_c_end                          0x08006c60   Data           0  lc_ctype_c.o(locale$$data)
    .data                                    0x20000000   Section       64  main.o(.data)
    dac_temp_valid                           0x20000000   Data           1  main.o(.data)
    ntc_data_valid                           0x20000001   Data           1  main.o(.data)
    ntc_adc_code                             0x20000004   Data           4  main.o(.data)
    ntc_raw24                                0x20000008   Data           4  main.o(.data)
    ntc_diff_voltage                         0x20000010   Data           8  main.o(.data)
    adc_ntc_node_voltage                     0x20000018   Data           8  main.o(.data)
    ntc_temperature                          0x20000020   Data           8  main.o(.data)
    ntc_resistance                           0x20000028   Data           8  main.o(.data)
    dac_temperature                          0x20000030   Data           8  main.o(.data)
    dac_ntc_resistance                       0x20000038   Data           8  main.o(.data)
    .data                                    0x20000040   Section       12  stm32f4xx_hal.o(.data)
    .data                                    0x2000004c   Section        4  system_stm32f4xx.o(.data)
    .data                                    0x20000050   Section        8  uart1_comm.o(.data)
    s_rx_line_ready                          0x20000050   Data           1  uart1_comm.o(.data)
    s_rx_overflow                            0x20000051   Data           1  uart1_comm.o(.data)
    s_tx_busy                                0x20000052   Data           1  uart1_comm.o(.data)
    s_rx_dma_old_pos                         0x20000054   Data           2  uart1_comm.o(.data)
    s_rx_build_index                         0x20000056   Data           2  uart1_comm.o(.data)
    .data                                    0x20000058   Section        8  command_parser.o(.data)
    .bss                                     0x20000060   Section      308  main.o(.bss)
    TEC1_PID                                 0x20000060   Data          28  main.o(.bss)
    .bss                                     0x20000194   Section      264  usart.o(.bss)
    .bss                                     0x2000029c   Section       16  bsp_dac8568.o(.bss)
    .bss                                     0x200002ac   Section      512  uart1_comm.o(.bss)
    s_rx_dma_buffer                          0x200002ac   Data         128  uart1_comm.o(.bss)
    s_rx_build_buffer                        0x2000032c   Data          64  uart1_comm.o(.bss)
    s_rx_ready_line                          0x2000036c   Data          64  uart1_comm.o(.bss)
    s_tx_buffer                              0x200003ac   Data         256  uart1_comm.o(.bss)
    .bss                                     0x200004ac   Section       96  libspace.o(.bss)
    HEAP                                     0x20000510   Section      512  startup_stm32f407xx.o(HEAP)
    Heap_Mem                                 0x20000510   Data         512  startup_stm32f407xx.o(HEAP)
    STACK                                    0x20000710   Section     1024  startup_stm32f407xx.o(STACK)
    Stack_Mem                                0x20000710   Data        1024  startup_stm32f407xx.o(STACK)
    __initial_sp                             0x20000b10   Data           0  startup_stm32f407xx.o(STACK)

    Global Symbols

    Symbol Name                              Value     Ov Type        Size  Object(Section)

    BuildAttributes$$THM_ISAv4$E$P$D$K$B$S$7EM$VFPi3$EXTD16$VFPS$VFMA$PE$A:L22UL41UL21$X:L11$S22US41US21$IEEE1$IW$USESV6$~STKCKD$USESV7$~SHL$OTIME$ROPI$IEEEX$EBA8$UX$STANDARDLIB$REQ8$PRES8$EABIv2 0x00000000   Number         0  anon$$obj.o ABSOLUTE
    __ARM_use_no_argv                        0x00000000   Number         0  main.o ABSOLUTE
    _printf_flags                            0x00000000   Number         0  printf_stubs.o ABSOLUTE
    _printf_return_value                     0x00000000   Number         0  printf_stubs.o ABSOLUTE
    _printf_sizespec                         0x00000000   Number         0  printf_stubs.o ABSOLUTE
    _printf_widthprec                        0x00000000   Number         0  printf_stubs.o ABSOLUTE
    __ARM_exceptions_init                     - Undefined Weak Reference
    __alloca_initialize                       - Undefined Weak Reference
    __cpp_initialize__aeabi_                  - Undefined Weak Reference
    __cxa_finalize                            - Undefined Weak Reference
    __sigvec_lookup                           - Undefined Weak Reference
    _atexit_init                              - Undefined Weak Reference
    _call_atexit_fns                          - Undefined Weak Reference
    _clock_init                               - Undefined Weak Reference
    _fp_trap_init                             - Undefined Weak Reference
    _fp_trap_shutdown                         - Undefined Weak Reference
    _get_lc_collate                           - Undefined Weak Reference
    _get_lc_monetary                          - Undefined Weak Reference
    _get_lc_time                              - Undefined Weak Reference
    _getenv_init                              - Undefined Weak Reference
    _handle_redirection                       - Undefined Weak Reference
    _init_alloc                               - Undefined Weak Reference
    _init_user_alloc                          - Undefined Weak Reference
    _initio                                   - Undefined Weak Reference
    _printf_mbtowc                            - Undefined Weak Reference
    _printf_wc                                - Undefined Weak Reference
    _rand_init                                - Undefined Weak Reference
    _signal_finish                            - Undefined Weak Reference
    _signal_init                              - Undefined Weak Reference
    _terminate_alloc                          - Undefined Weak Reference
    _terminate_user_alloc                     - Undefined Weak Reference
    _terminateio                              - Undefined Weak Reference
    __Vectors_Size                           0x00000188   Number         0  startup_stm32f407xx.o ABSOLUTE
    __Vectors                                0x08000000   Data           4  startup_stm32f407xx.o(RESET)
    __Vectors_End                            0x08000188   Data           0  startup_stm32f407xx.o(RESET)
    __main                                   0x08000189   Thumb Code     8  __main.o(!!!main)
    __scatterload                            0x08000191   Thumb Code     0  __scatter.o(!!!scatter)
    __scatterload_rt2                        0x08000191   Thumb Code    44  __scatter.o(!!!scatter)
    __scatterload_rt2_thumb_only             0x08000191   Thumb Code     0  __scatter.o(!!!scatter)
    __scatterload_null                       0x0800019f   Thumb Code     0  __scatter.o(!!!scatter)
    __scatterload_copy                       0x080001c5   Thumb Code    26  __scatter_copy.o(!!handler_copy)
    __scatterload_zeroinit                   0x080001e1   Thumb Code    28  __scatter_zi.o(!!handler_zi)
    _printf_n                                0x080001fd   Thumb Code     0  _printf_n.o(.ARM.Collect$$_printf_percent$$00000001)
    _printf_percent                          0x080001fd   Thumb Code     0  _printf_percent.o(.ARM.Collect$$_printf_percent$$00000000)
    _printf_p                                0x08000203   Thumb Code     0  _printf_p.o(.ARM.Collect$$_printf_percent$$00000002)
    _printf_f                                0x08000209   Thumb Code     0  _printf_f.o(.ARM.Collect$$_printf_percent$$00000003)
    _printf_e                                0x0800020f   Thumb Code     0  _printf_e.o(.ARM.Collect$$_printf_percent$$00000004)
    _printf_g                                0x08000215   Thumb Code     0  _printf_g.o(.ARM.Collect$$_printf_percent$$00000005)
    _printf_a                                0x0800021b   Thumb Code     0  _printf_a.o(.ARM.Collect$$_printf_percent$$00000006)
    _printf_ll                               0x08000221   Thumb Code     0  _printf_ll.o(.ARM.Collect$$_printf_percent$$00000007)
    _printf_i                                0x0800022b   Thumb Code     0  _printf_i.o(.ARM.Collect$$_printf_percent$$00000008)
    _printf_d                                0x08000231   Thumb Code     0  _printf_d.o(.ARM.Collect$$_printf_percent$$00000009)
    _printf_u                                0x08000237   Thumb Code     0  _printf_u.o(.ARM.Collect$$_printf_percent$$0000000A)
    _printf_o                                0x0800023d   Thumb Code     0  _printf_o.o(.ARM.Collect$$_printf_percent$$0000000B)
    _printf_x                                0x08000243   Thumb Code     0  _printf_x.o(.ARM.Collect$$_printf_percent$$0000000C)
    _printf_lli                              0x08000249   Thumb Code     0  _printf_lli.o(.ARM.Collect$$_printf_percent$$0000000D)
    _printf_lld                              0x0800024f   Thumb Code     0  _printf_lld.o(.ARM.Collect$$_printf_percent$$0000000E)
    _printf_llu                              0x08000255   Thumb Code     0  _printf_llu.o(.ARM.Collect$$_printf_percent$$0000000F)
    _printf_llo                              0x0800025b   Thumb Code     0  _printf_llo.o(.ARM.Collect$$_printf_percent$$00000010)
    _printf_llx                              0x08000261   Thumb Code     0  _printf_llx.o(.ARM.Collect$$_printf_percent$$00000011)
    _printf_l                                0x08000267   Thumb Code     0  _printf_l.o(.ARM.Collect$$_printf_percent$$00000012)
    _printf_c                                0x08000271   Thumb Code     0  _printf_c.o(.ARM.Collect$$_printf_percent$$00000013)
    _printf_s                                0x08000277   Thumb Code     0  _printf_s.o(.ARM.Collect$$_printf_percent$$00000014)
    _printf_lc                               0x0800027d   Thumb Code     0  _printf_lc.o(.ARM.Collect$$_printf_percent$$00000015)
    _printf_ls                               0x08000283   Thumb Code     0  _printf_ls.o(.ARM.Collect$$_printf_percent$$00000016)
    _printf_percent_end                      0x08000289   Thumb Code     0  _printf_percent_end.o(.ARM.Collect$$_printf_percent$$00000017)
    __rt_lib_init                            0x0800028d   Thumb Code     0  libinit.o(.ARM.Collect$$libinit$$00000000)
    __rt_lib_init_fp_1                       0x0800028f   Thumb Code     0  libinit2.o(.ARM.Collect$$libinit$$00000001)
    __rt_lib_init_heap_1                     0x08000293   Thumb Code     0  libinit2.o(.ARM.Collect$$libinit$$00000008)
    __rt_lib_init_lc_common                  0x08000293   Thumb Code     0  libinit2.o(.ARM.Collect$$libinit$$0000000D)
    __rt_lib_init_rand_1                     0x08000293   Thumb Code     0  libinit2.o(.ARM.Collect$$libinit$$0000000C)
    __rt_lib_init_user_alloc_1               0x08000293   Thumb Code     0  libinit2.o(.ARM.Collect$$libinit$$0000000A)
    __rt_lib_init_lc_collate_1               0x08000299   Thumb Code     0  libinit2.o(.ARM.Collect$$libinit$$0000000F)
    __rt_lib_init_lc_ctype_2                 0x08000299   Thumb Code     0  libinit2.o(.ARM.Collect$$libinit$$00000010)
    __rt_lib_init_lc_ctype_1                 0x080002a5   Thumb Code     0  libinit2.o(.ARM.Collect$$libinit$$00000011)
    __rt_lib_init_lc_monetary_1              0x080002a5   Thumb Code     0  libinit2.o(.ARM.Collect$$libinit$$00000013)
    __rt_lib_init_lc_numeric_2               0x080002a5   Thumb Code     0  libinit2.o(.ARM.Collect$$libinit$$00000014)
    __rt_lib_init_alloca_1                   0x080002af   Thumb Code     0  libinit2.o(.ARM.Collect$$libinit$$0000002C)
    __rt_lib_init_argv_1                     0x080002af   Thumb Code     0  libinit2.o(.ARM.Collect$$libinit$$0000002A)
    __rt_lib_init_atexit_1                   0x080002af   Thumb Code     0  libinit2.o(.ARM.Collect$$libinit$$00000019)
    __rt_lib_init_clock_1                    0x080002af   Thumb Code     0  libinit2.o(.ARM.Collect$$libinit$$0000001F)
    __rt_lib_init_cpp_1                      0x080002af   Thumb Code     0  libinit2.o(.ARM.Collect$$libinit$$00000030)
    __rt_lib_init_exceptions_1               0x080002af   Thumb Code     0  libinit2.o(.ARM.Collect$$libinit$$0000002E)
    __rt_lib_init_fp_trap_1                  0x080002af   Thumb Code     0  libinit2.o(.ARM.Collect$$libinit$$0000001D)
    __rt_lib_init_getenv_1                   0x080002af   Thumb Code     0  libinit2.o(.ARM.Collect$$libinit$$00000021)
    __rt_lib_init_lc_numeric_1               0x080002af   Thumb Code     0  libinit2.o(.ARM.Collect$$libinit$$00000015)
    __rt_lib_init_lc_time_1                  0x080002af   Thumb Code     0  libinit2.o(.ARM.Collect$$libinit$$00000017)
    __rt_lib_init_return                     0x080002af   Thumb Code     0  libinit2.o(.ARM.Collect$$libinit$$00000031)
    __rt_lib_init_signal_1                   0x080002af   Thumb Code     0  libinit2.o(.ARM.Collect$$libinit$$0000001B)
    __rt_lib_init_stdio_1                    0x080002af   Thumb Code     0  libinit2.o(.ARM.Collect$$libinit$$00000023)
    __rt_lib_shutdown                        0x080002b1   Thumb Code     0  libshutdown.o(.ARM.Collect$$libshutdown$$00000000)
    __rt_lib_shutdown_fp_trap_1              0x080002b3   Thumb Code     0  libshutdown2.o(.ARM.Collect$$libshutdown$$00000006)
    __rt_lib_shutdown_heap_1                 0x080002b3   Thumb Code     0  libshutdown2.o(.ARM.Collect$$libshutdown$$0000000E)
    __rt_lib_shutdown_return                 0x080002b3   Thumb Code     0  libshutdown2.o(.ARM.Collect$$libshutdown$$0000000F)
    __rt_lib_shutdown_signal_1               0x080002b3   Thumb Code     0  libshutdown2.o(.ARM.Collect$$libshutdown$$00000009)
    __rt_lib_shutdown_stdio_1                0x080002b3   Thumb Code     0  libshutdown2.o(.ARM.Collect$$libshutdown$$00000003)
    __rt_lib_shutdown_user_alloc_1           0x080002b3   Thumb Code     0  libshutdown2.o(.ARM.Collect$$libshutdown$$0000000B)
    __rt_entry                               0x080002b5   Thumb Code     0  rtentry.o(.ARM.Collect$$rtentry$$00000000)
    __rt_entry_presh_1                       0x080002b5   Thumb Code     0  rtentry2.o(.ARM.Collect$$rtentry$$00000002)
    __rt_entry_sh                            0x080002b5   Thumb Code     0  rtentry4.o(.ARM.Collect$$rtentry$$00000004)
    __rt_entry_li                            0x080002bb   Thumb Code     0  rtentry2.o(.ARM.Collect$$rtentry$$0000000A)
    __rt_entry_postsh_1                      0x080002bb   Thumb Code     0  rtentry2.o(.ARM.Collect$$rtentry$$00000009)
    __rt_entry_main                          0x080002bf   Thumb Code     0  rtentry2.o(.ARM.Collect$$rtentry$$0000000D)
    __rt_entry_postli_1                      0x080002bf   Thumb Code     0  rtentry2.o(.ARM.Collect$$rtentry$$0000000C)
    __rt_exit                                0x080002c7   Thumb Code     0  rtexit.o(.ARM.Collect$$rtexit$$00000000)
    __rt_exit_ls                             0x080002c9   Thumb Code     0  rtexit2.o(.ARM.Collect$$rtexit$$00000003)
    __rt_exit_prels_1                        0x080002c9   Thumb Code     0  rtexit2.o(.ARM.Collect$$rtexit$$00000002)
    __rt_exit_exit                           0x080002cd   Thumb Code     0  rtexit2.o(.ARM.Collect$$rtexit$$00000004)
    Reset_Handler                            0x080002d5   Thumb Code     8  startup_stm32f407xx.o(.text)
    ADC_IRQHandler                           0x080002ef   Thumb Code     0  startup_stm32f407xx.o(.text)
    CAN1_RX0_IRQHandler                      0x080002ef   Thumb Code     0  startup_stm32f407xx.o(.text)
    CAN1_RX1_IRQHandler                      0x080002ef   Thumb Code     0  startup_stm32f407xx.o(.text)
    CAN1_SCE_IRQHandler                      0x080002ef   Thumb Code     0  startup_stm32f407xx.o(.text)
    CAN1_TX_IRQHandler                       0x080002ef   Thumb Code     0  startup_stm32f407xx.o(.text)
    CAN2_RX0_IRQHandler                      0x080002ef   Thumb Code     0  startup_stm32f407xx.o(.text)
    CAN2_RX1_IRQHandler                      0x080002ef   Thumb Code     0  startup_stm32f407xx.o(.text)
    CAN2_SCE_IRQHandler                      0x080002ef   Thumb Code     0  startup_stm32f407xx.o(.text)
    CAN2_TX_IRQHandler                       0x080002ef   Thumb Code     0  startup_stm32f407xx.o(.text)
    DCMI_IRQHandler                          0x080002ef   Thumb Code     0  startup_stm32f407xx.o(.text)
    DMA1_Stream0_IRQHandler                  0x080002ef   Thumb Code     0  startup_stm32f407xx.o(.text)
    DMA1_Stream1_IRQHandler                  0x080002ef   Thumb Code     0  startup_stm32f407xx.o(.text)
    DMA1_Stream2_IRQHandler                  0x080002ef   Thumb Code     0  startup_stm32f407xx.o(.text)
    DMA1_Stream3_IRQHandler                  0x080002ef   Thumb Code     0  startup_stm32f407xx.o(.text)
    DMA1_Stream4_IRQHandler                  0x080002ef   Thumb Code     0  startup_stm32f407xx.o(.text)
    DMA1_Stream5_IRQHandler                  0x080002ef   Thumb Code     0  startup_stm32f407xx.o(.text)
    DMA1_Stream6_IRQHandler                  0x080002ef   Thumb Code     0  startup_stm32f407xx.o(.text)
    DMA1_Stream7_IRQHandler                  0x080002ef   Thumb Code     0  startup_stm32f407xx.o(.text)
    DMA2_Stream0_IRQHandler                  0x080002ef   Thumb Code     0  startup_stm32f407xx.o(.text)
    DMA2_Stream1_IRQHandler                  0x080002ef   Thumb Code     0  startup_stm32f407xx.o(.text)
    DMA2_Stream3_IRQHandler                  0x080002ef   Thumb Code     0  startup_stm32f407xx.o(.text)
    DMA2_Stream4_IRQHandler                  0x080002ef   Thumb Code     0  startup_stm32f407xx.o(.text)
    DMA2_Stream5_IRQHandler                  0x080002ef   Thumb Code     0  startup_stm32f407xx.o(.text)
    DMA2_Stream6_IRQHandler                  0x080002ef   Thumb Code     0  startup_stm32f407xx.o(.text)
    ETH_IRQHandler                           0x080002ef   Thumb Code     0  startup_stm32f407xx.o(.text)
    ETH_WKUP_IRQHandler                      0x080002ef   Thumb Code     0  startup_stm32f407xx.o(.text)
    EXTI0_IRQHandler                         0x080002ef   Thumb Code     0  startup_stm32f407xx.o(.text)
    EXTI15_10_IRQHandler                     0x080002ef   Thumb Code     0  startup_stm32f407xx.o(.text)
    EXTI1_IRQHandler                         0x080002ef   Thumb Code     0  startup_stm32f407xx.o(.text)
    EXTI2_IRQHandler                         0x080002ef   Thumb Code     0  startup_stm32f407xx.o(.text)
    EXTI3_IRQHandler                         0x080002ef   Thumb Code     0  startup_stm32f407xx.o(.text)
    EXTI4_IRQHandler                         0x080002ef   Thumb Code     0  startup_stm32f407xx.o(.text)
    EXTI9_5_IRQHandler                       0x080002ef   Thumb Code     0  startup_stm32f407xx.o(.text)
    FLASH_IRQHandler                         0x080002ef   Thumb Code     0  startup_stm32f407xx.o(.text)
    FMC_IRQHandler                           0x080002ef   Thumb Code     0  startup_stm32f407xx.o(.text)
    FPU_IRQHandler                           0x080002ef   Thumb Code     0  startup_stm32f407xx.o(.text)
    HASH_RNG_IRQHandler                      0x080002ef   Thumb Code     0  startup_stm32f407xx.o(.text)
    I2C1_ER_IRQHandler                       0x080002ef   Thumb Code     0  startup_stm32f407xx.o(.text)
    I2C1_EV_IRQHandler                       0x080002ef   Thumb Code     0  startup_stm32f407xx.o(.text)
    I2C2_ER_IRQHandler                       0x080002ef   Thumb Code     0  startup_stm32f407xx.o(.text)
    I2C2_EV_IRQHandler                       0x080002ef   Thumb Code     0  startup_stm32f407xx.o(.text)
    I2C3_ER_IRQHandler                       0x080002ef   Thumb Code     0  startup_stm32f407xx.o(.text)
    I2C3_EV_IRQHandler                       0x080002ef   Thumb Code     0  startup_stm32f407xx.o(.text)
    OTG_FS_IRQHandler                        0x080002ef   Thumb Code     0  startup_stm32f407xx.o(.text)
    OTG_FS_WKUP_IRQHandler                   0x080002ef   Thumb Code     0  startup_stm32f407xx.o(.text)
    OTG_HS_EP1_IN_IRQHandler                 0x080002ef   Thumb Code     0  startup_stm32f407xx.o(.text)
    OTG_HS_EP1_OUT_IRQHandler                0x080002ef   Thumb Code     0  startup_stm32f407xx.o(.text)
    OTG_HS_IRQHandler                        0x080002ef   Thumb Code     0  startup_stm32f407xx.o(.text)
    OTG_HS_WKUP_IRQHandler                   0x080002ef   Thumb Code     0  startup_stm32f407xx.o(.text)
    PVD_IRQHandler                           0x080002ef   Thumb Code     0  startup_stm32f407xx.o(.text)
    RCC_IRQHandler                           0x080002ef   Thumb Code     0  startup_stm32f407xx.o(.text)
    RTC_Alarm_IRQHandler                     0x080002ef   Thumb Code     0  startup_stm32f407xx.o(.text)
    RTC_WKUP_IRQHandler                      0x080002ef   Thumb Code     0  startup_stm32f407xx.o(.text)
    SDIO_IRQHandler                          0x080002ef   Thumb Code     0  startup_stm32f407xx.o(.text)
    SPI1_IRQHandler                          0x080002ef   Thumb Code     0  startup_stm32f407xx.o(.text)
    SPI2_IRQHandler                          0x080002ef   Thumb Code     0  startup_stm32f407xx.o(.text)
    SPI3_IRQHandler                          0x080002ef   Thumb Code     0  startup_stm32f407xx.o(.text)
    TAMP_STAMP_IRQHandler                    0x080002ef   Thumb Code     0  startup_stm32f407xx.o(.text)
    TIM1_BRK_TIM9_IRQHandler                 0x080002ef   Thumb Code     0  startup_stm32f407xx.o(.text)
    TIM1_CC_IRQHandler                       0x080002ef   Thumb Code     0  startup_stm32f407xx.o(.text)
    TIM1_TRG_COM_TIM11_IRQHandler            0x080002ef   Thumb Code     0  startup_stm32f407xx.o(.text)
    TIM1_UP_TIM10_IRQHandler                 0x080002ef   Thumb Code     0  startup_stm32f407xx.o(.text)
    TIM2_IRQHandler                          0x080002ef   Thumb Code     0  startup_stm32f407xx.o(.text)
    TIM3_IRQHandler                          0x080002ef   Thumb Code     0  startup_stm32f407xx.o(.text)
    TIM4_IRQHandler                          0x080002ef   Thumb Code     0  startup_stm32f407xx.o(.text)
    TIM5_IRQHandler                          0x080002ef   Thumb Code     0  startup_stm32f407xx.o(.text)
    TIM6_DAC_IRQHandler                      0x080002ef   Thumb Code     0  startup_stm32f407xx.o(.text)
    TIM7_IRQHandler                          0x080002ef   Thumb Code     0  startup_stm32f407xx.o(.text)
    TIM8_BRK_TIM12_IRQHandler                0x080002ef   Thumb Code     0  startup_stm32f407xx.o(.text)
    TIM8_CC_IRQHandler                       0x080002ef   Thumb Code     0  startup_stm32f407xx.o(.text)
    TIM8_TRG_COM_TIM14_IRQHandler            0x080002ef   Thumb Code     0  startup_stm32f407xx.o(.text)
    TIM8_UP_TIM13_IRQHandler                 0x080002ef   Thumb Code     0  startup_stm32f407xx.o(.text)
    UART4_IRQHandler                         0x080002ef   Thumb Code     0  startup_stm32f407xx.o(.text)
    UART5_IRQHandler                         0x080002ef   Thumb Code     0  startup_stm32f407xx.o(.text)
    USART2_IRQHandler                        0x080002ef   Thumb Code     0  startup_stm32f407xx.o(.text)
    USART3_IRQHandler                        0x080002ef   Thumb Code     0  startup_stm32f407xx.o(.text)
    USART6_IRQHandler                        0x080002ef   Thumb Code     0  startup_stm32f407xx.o(.text)
    WWDG_IRQHandler                          0x080002ef   Thumb Code     0  startup_stm32f407xx.o(.text)
    __user_initial_stackheap                 0x080002f1   Thumb Code     0  startup_stm32f407xx.o(.text)
    __aeabi_uldivmod                         0x08000315   Thumb Code     0  lludivv7m.o(.text)
    _ll_udiv                                 0x08000315   Thumb Code   238  lludivv7m.o(.text)
    __aeabi_ldivmod                          0x08000403   Thumb Code     0  llsdiv.o(.text)
    _ll_sdiv                                 0x08000403   Thumb Code    72  llsdiv.o(.text)
    vsnprintf                                0x0800044d   Thumb Code    48  vsnprintf.o(.text)
    __2snprintf                              0x08000481   Thumb Code    50  __2snprintf.o(.text)
    _printf_pre_padding                      0x080004b9   Thumb Code    44  _printf_pad.o(.text)
    _printf_post_padding                     0x080004e5   Thumb Code    34  _printf_pad.o(.text)
    _printf_str                              0x08000507   Thumb Code    82  _printf_str.o(.text)
    _printf_int_dec                          0x08000559   Thumb Code   100  _printf_dec.o(.text)
    __printf                                 0x080005cd   Thumb Code   388  __printf_flags_ss_wp.o(.text)
    strchr                                   0x08000755   Thumb Code    20  strchr.o(.text)
    __aeabi_memcpy                           0x08000769   Thumb Code     0  rt_memcpy_v6.o(.text)
    __rt_memcpy                              0x08000769   Thumb Code   138  rt_memcpy_v6.o(.text)
    _memcpy_lastbytes                        0x080007cf   Thumb Code     0  rt_memcpy_v6.o(.text)
    __aeabi_memcpy4                          0x080007f3   Thumb Code     0  rt_memcpy_w.o(.text)
    __aeabi_memcpy8                          0x080007f3   Thumb Code     0  rt_memcpy_w.o(.text)
    __rt_memcpy_w                            0x080007f3   Thumb Code   100  rt_memcpy_w.o(.text)
    _memcpy_lastbytes_aligned                0x0800083b   Thumb Code     0  rt_memcpy_w.o(.text)
    __aeabi_memclr                           0x08000857   Thumb Code     0  rt_memclr.o(.text)
    __rt_memclr                              0x08000857   Thumb Code    68  rt_memclr.o(.text)
    _memset                                  0x0800085b   Thumb Code     0  rt_memclr.o(.text)
    __aeabi_memclr4                          0x0800089b   Thumb Code     0  rt_memclr_w.o(.text)
    __aeabi_memclr8                          0x0800089b   Thumb Code     0  rt_memclr_w.o(.text)
    __rt_memclr_w                            0x0800089b   Thumb Code    78  rt_memclr_w.o(.text)
    _memset_w                                0x0800089f   Thumb Code     0  rt_memclr_w.o(.text)
    strcmp                                   0x080008e9   Thumb Code   128  strcmpv7m.o(.text)
    __use_two_region_memory                  0x08000969   Thumb Code     2  heapauxi.o(.text)
    __rt_heap_escrow$2region                 0x0800096b   Thumb Code     2  heapauxi.o(.text)
    __rt_heap_expand$2region                 0x0800096d   Thumb Code     2  heapauxi.o(.text)
    __read_errno                             0x0800096f   Thumb Code    10  _rserrno.o(.text)
    __set_errno                              0x08000979   Thumb Code    12  _rserrno.o(.text)
    _printf_truncate_signed                  0x08000985   Thumb Code    18  _printf_truncate.o(.text)
    _printf_truncate_unsigned                0x08000997   Thumb Code    18  _printf_truncate.o(.text)
    _printf_int_common                       0x080009a9   Thumb Code   178  _printf_intcommon.o(.text)
    _printf_charcount                        0x08000a5b   Thumb Code    40  _printf_charcount.o(.text)
    _printf_char_common                      0x08000a8f   Thumb Code    32  _printf_char_common.o(.text)
    _sputc                                   0x08000ab5   Thumb Code    10  _sputc.o(.text)
    _snputc                                  0x08000abf   Thumb Code    16  _snputc.o(.text)
    _printf_cs_common                        0x08000acf   Thumb Code    20  _printf_char.o(.text)
    _printf_char                             0x08000ae3   Thumb Code    16  _printf_char.o(.text)
    _printf_string                           0x08000af3   Thumb Code     8  _printf_char.o(.text)
    _printf_wctomb                           0x08000afd   Thumb Code   182  _printf_wctomb.o(.text)
    _printf_longlong_dec                     0x08000bb9   Thumb Code   104  _printf_longlong_dec.o(.text)
    _printf_longlong_oct                     0x08000c31   Thumb Code    68  _printf_oct_int_ll.o(.text)
    _printf_int_oct                          0x08000c75   Thumb Code    24  _printf_oct_int_ll.o(.text)
    _printf_ll_oct                           0x08000c8d   Thumb Code    12  _printf_oct_int_ll.o(.text)
    _printf_longlong_hex                     0x08000ca1   Thumb Code    86  _printf_hex_int_ll_ptr.o(.text)
    _printf_int_hex                          0x08000cf7   Thumb Code    28  _printf_hex_int_ll_ptr.o(.text)
    _printf_ll_hex                           0x08000d13   Thumb Code    12  _printf_hex_int_ll_ptr.o(.text)
    _printf_hex_ptr                          0x08000d1f   Thumb Code    18  _printf_hex_int_ll_ptr.o(.text)
    __aeabi_errno_addr                       0x08000d35   Thumb Code     8  rt_errno_addr_intlibspace.o(.text)
    __errno$intlibspace                      0x08000d35   Thumb Code     0  rt_errno_addr_intlibspace.o(.text)
    __rt_errno_addr$intlibspace              0x08000d35   Thumb Code     0  rt_errno_addr_intlibspace.o(.text)
    _ll_udiv10                               0x08000d3d   Thumb Code   138  lludiv10.o(.text)
    __lib_sel_fp_printf                      0x08000dc7   Thumb Code     2  _printf_fp_dec.o(.text)
    _printf_fp_dec_real                      0x08000f75   Thumb Code   616  _printf_fp_dec.o(.text)
    _printf_fp_hex_real                      0x080011dd   Thumb Code   750  _printf_fp_hex.o(.text)
    _printf_lcs_common                       0x080014d5   Thumb Code    20  _printf_wchar.o(.text)
    _printf_wchar                            0x080014e9   Thumb Code    16  _printf_wchar.o(.text)
    _printf_wstring                          0x080014f9   Thumb Code     8  _printf_wchar.o(.text)
    _wcrtomb                                 0x08001501   Thumb Code    64  _wcrtomb.o(.text)
    __user_libspace                          0x08001541   Thumb Code     8  libspace.o(.text)
    __user_perproc_libspace                  0x08001541   Thumb Code     0  libspace.o(.text)
    __user_perthread_libspace                0x08001541   Thumb Code     0  libspace.o(.text)
    __user_setup_stackheap                   0x08001549   Thumb Code    74  sys_stackheap_outer.o(.text)
    __rt_ctype_table                         0x08001595   Thumb Code    16  rt_ctype_table.o(.text)
    __rt_locale                              0x080015a5   Thumb Code     8  rt_locale_intlibspace.o(.text)
    _printf_fp_infnan                        0x080015ad   Thumb Code   112  _printf_fp_infnan.o(.text)
    _btod_etento                             0x0800162d   Thumb Code   212  bigflt0.o(.text)
    exit                                     0x08001705   Thumb Code    12  exit.o(.text)
    _sys_exit                                0x08001711   Thumb Code     8  sys_exit.o(.text)
    __I$use$semihosting                      0x0800171d   Thumb Code     0  use_no_semi.o(.text)
    __use_no_semihosting_swi                 0x0800171d   Thumb Code     2  use_no_semi.o(.text)
    __semihosting_library_function           0x0800171f   Thumb Code     0  indicate_semi.o(.text)
    _btod_d2e                                0x0800171f   Thumb Code    62  btod.o(CL$$btod_d2e)
    _d2e_denorm_low                          0x0800175d   Thumb Code    70  btod.o(CL$$btod_d2e_denorm_low)
    _d2e_norm_op1                            0x080017a3   Thumb Code    96  btod.o(CL$$btod_d2e_norm_op1)
    __btod_div_common                        0x08001803   Thumb Code   696  btod.o(CL$$btod_div_common)
    _e2e                                     0x08001b3b   Thumb Code   198  btod.o(CL$$btod_e2e)
    _btod_ediv                               0x08001c01   Thumb Code    40  btod.o(CL$$btod_ediv)
    _btod_emul                               0x08001c29   Thumb Code    40  btod.o(CL$$btod_emul)
    __btod_mult_common                       0x08001c51   Thumb Code   580  btod.o(CL$$btod_mult_common)
    ADS1256_CfgADC                           0x08001e95   Thumb Code   130  ads1255.o(i.ADS1256_CfgADC)
    ADS1256_CodeToVoltage                    0x08001f21   Thumb Code   122  ads1255.o(i.ADS1256_CodeToVoltage)
    ADS1256_GPIO_Init                        0x08001fad   Thumb Code    38  ads1255.o(i.ADS1256_GPIO_Init)
    ADS1256_GetAdcSigned                     0x08001fd9   Thumb Code    98  ads1255.o(i.ADS1256_GetAdcSigned)
    ADS1256_GetAdcTrimmedMean1               0x08002049   Thumb Code   148  ads1255.o(i.ADS1256_GetAdcTrimmedMean1)
    ADS1256_SetDiffChannel                   0x08002175   Thumb Code    74  ads1255.o(i.ADS1256_SetDiffChannel)
    ADS1256_WriteCmd                         0x080021c9   Thumb Code    36  ads1255.o(i.ADS1256_WriteCmd)
    ADS1256_WriteReg                         0x080021f1   Thumb Code    52  ads1255.o(i.ADS1256_WriteReg)
    BusFault_Handler                         0x080022d9   Thumb Code     2  stm32f4xx_it.o(i.BusFault_Handler)
    CTRL_TempVout                            0x080022dd   Thumb Code    62  formula.o(i.CTRL_TempVout)
    Command_Execute                          0x08002321   Thumb Code   346  command_parser.o(i.Command_Execute)
    Command_ParseLine                        0x08002629   Thumb Code   136  command_parser.o(i.Command_ParseLine)
    DAC8568_Init                             0x080026b1   Thumb Code    80  bsp_dac8568.o(i.DAC8568_Init)
    DAC8568_SetVoltage                       0x08002711   Thumb Code   128  bsp_dac8568.o(i.DAC8568_SetVoltage)
    DAC8568_WriteCmd                         0x080027b5   Thumb Code    92  bsp_dac8568.o(i.DAC8568_WriteCmd)
    DMA2_Stream2_IRQHandler                  0x080028f5   Thumb Code     6  stm32f4xx_it.o(i.DMA2_Stream2_IRQHandler)
    DMA2_Stream7_IRQHandler                  0x08002901   Thumb Code     6  stm32f4xx_it.o(i.DMA2_Stream7_IRQHandler)
    DebugMon_Handler                         0x080029b1   Thumb Code     2  stm32f4xx_it.o(i.DebugMon_Handler)
    Error_Handler                            0x080029b3   Thumb Code     4  main.o(i.Error_Handler)
    Formula_TecPid_Init                      0x080029d9   Thumb Code    44  formula.o(i.Formula_TecPid_Init)
    Formula_TecPid_Reset                     0x08002a0d   Thumb Code    22  formula.o(i.Formula_TecPid_Reset)
    Formula_TecTemperature_PID               0x08002a29   Thumb Code   212  formula.o(i.Formula_TecTemperature_PID)
    HAL_DMA_Abort                            0x08002b15   Thumb Code   146  stm32f4xx_hal_dma.o(i.HAL_DMA_Abort)
    HAL_DMA_Abort_IT                         0x08002ba7   Thumb Code    36  stm32f4xx_hal_dma.o(i.HAL_DMA_Abort_IT)
    HAL_DMA_GetError                         0x08002bcb   Thumb Code     4  stm32f4xx_hal_dma.o(i.HAL_DMA_GetError)
    HAL_DMA_IRQHandler                       0x08002bd1   Thumb Code   412  stm32f4xx_hal_dma.o(i.HAL_DMA_IRQHandler)
    HAL_DMA_Init                             0x08002d71   Thumb Code   206  stm32f4xx_hal_dma.o(i.HAL_DMA_Init)
    HAL_DMA_Start_IT                         0x08002e45   Thumb Code   110  stm32f4xx_hal_dma.o(i.HAL_DMA_Start_IT)
    HAL_Delay                                0x08002eb5   Thumb Code    32  stm32f4xx_hal.o(i.HAL_Delay)
    HAL_GPIO_Init                            0x08002ed9   Thumb Code   450  stm32f4xx_hal_gpio.o(i.HAL_GPIO_Init)
    HAL_GPIO_ReadPin                         0x080030c9   Thumb Code    10  stm32f4xx_hal_gpio.o(i.HAL_GPIO_ReadPin)
    HAL_GPIO_WritePin                        0x080030d3   Thumb Code    10  stm32f4xx_hal_gpio.o(i.HAL_GPIO_WritePin)
    HAL_GetTick                              0x080030dd   Thumb Code     6  stm32f4xx_hal.o(i.HAL_GetTick)
    HAL_IncTick                              0x080030e9   Thumb Code    12  stm32f4xx_hal.o(i.HAL_IncTick)
    HAL_Init                                 0x080030f9   Thumb Code    48  stm32f4xx_hal.o(i.HAL_Init)
    HAL_InitTick                             0x0800312d   Thumb Code    54  stm32f4xx_hal.o(i.HAL_InitTick)
    HAL_MspInit                              0x0800316d   Thumb Code    42  stm32f4xx_hal_msp.o(i.HAL_MspInit)
    HAL_NVIC_EnableIRQ                       0x0800319d   Thumb Code    26  stm32f4xx_hal_cortex.o(i.HAL_NVIC_EnableIRQ)
    HAL_NVIC_SetPriority                     0x080031b9   Thumb Code    60  stm32f4xx_hal_cortex.o(i.HAL_NVIC_SetPriority)
    HAL_NVIC_SetPriorityGrouping             0x080031f9   Thumb Code    26  stm32f4xx_hal_cortex.o(i.HAL_NVIC_SetPriorityGrouping)
    HAL_RCC_ClockConfig                      0x0800321d   Thumb Code   288  stm32f4xx_hal_rcc.o(i.HAL_RCC_ClockConfig)
    HAL_RCC_GetPCLK1Freq                     0x08003351   Thumb Code    20  stm32f4xx_hal_rcc.o(i.HAL_RCC_GetPCLK1Freq)
    HAL_RCC_GetPCLK2Freq                     0x08003371   Thumb Code    20  stm32f4xx_hal_rcc.o(i.HAL_RCC_GetPCLK2Freq)
    HAL_RCC_GetSysClockFreq                  0x08003391   Thumb Code    88  stm32f4xx_hal_rcc.o(i.HAL_RCC_GetSysClockFreq)
    HAL_RCC_OscConfig                        0x080033f5   Thumb Code   856  stm32f4xx_hal_rcc.o(i.HAL_RCC_OscConfig)
    HAL_SYSTICK_Config                       0x08003761   Thumb Code    40  stm32f4xx_hal_cortex.o(i.HAL_SYSTICK_Config)
    HAL_UARTEx_RxEventCallback               0x08003789   Thumb Code     2  stm32f4xx_hal_uart.o(i.HAL_UARTEx_RxEventCallback)
    HAL_UART_AbortReceive                    0x0800378b   Thumb Code   148  stm32f4xx_hal_uart.o(i.HAL_UART_AbortReceive)
    HAL_UART_ErrorCallback                   0x0800381f   Thumb Code     4  main.o(i.HAL_UART_ErrorCallback)
    HAL_UART_IRQHandler                      0x08003825   Thumb Code   636  stm32f4xx_hal_uart.o(i.HAL_UART_IRQHandler)
    HAL_UART_Init                            0x08003aa5   Thumb Code   100  stm32f4xx_hal_uart.o(i.HAL_UART_Init)
    HAL_UART_MspInit                         0x08003b09   Thumb Code   216  usart.o(i.HAL_UART_MspInit)
    HAL_UART_Receive_DMA                     0x08003bf5   Thumb Code    28  stm32f4xx_hal_uart.o(i.HAL_UART_Receive_DMA)
    HAL_UART_RxCpltCallback                  0x08003c11   Thumb Code     4  main.o(i.HAL_UART_RxCpltCallback)
    HAL_UART_RxHalfCpltCallback              0x08003c15   Thumb Code     4  main.o(i.HAL_UART_RxHalfCpltCallback)
    HAL_UART_Transmit_DMA                    0x08003c19   Thumb Code   120  stm32f4xx_hal_uart.o(i.HAL_UART_Transmit_DMA)
    HAL_UART_TxCpltCallback                  0x08003c9d   Thumb Code     4  main.o(i.HAL_UART_TxCpltCallback)
    HAL_UART_TxHalfCpltCallback              0x08003ca1   Thumb Code     2  stm32f4xx_hal_uart.o(i.HAL_UART_TxHalfCpltCallback)
    HardFault_Handler                        0x08003ca3   Thumb Code     2  stm32f4xx_it.o(i.HardFault_Handler)
    MX_DMA_Init                              0x08003ca5   Thumb Code    56  dma.o(i.MX_DMA_Init)
    MX_GPIO_Init                             0x08003ce1   Thumb Code   204  gpio.o(i.MX_GPIO_Init)
    MX_USART1_UART_Init                      0x08003dbd   Thumb Code    48  usart.o(i.MX_USART1_UART_Init)
    Mcpdely                                  0x08003df5   Thumb Code     8  bsp_dac8568.o(i.Mcpdely)
    MemManage_Handler                        0x08003dfd   Thumb Code     2  stm32f4xx_it.o(i.MemManage_Handler)
    NMI_Handler                              0x08003dff   Thumb Code     2  stm32f4xx_it.o(i.NMI_Handler)
    NTC_NodeVoltageToTemperature             0x08003e01   Thumb Code   242  thermal.o(i.NTC_NodeVoltageToTemperature)
    PID_AutoTune_Abort                       0x08003f3d   Thumb Code    36  pid.o(i.PID_AutoTune_Abort)
    PID_AutoTune_ApplyResult                 0x08003f71   Thumb Code    56  pid.o(i.PID_AutoTune_ApplyResult)
    PID_AutoTune_DefaultConfig               0x08004365   Thumb Code   112  pid.o(i.PID_AutoTune_DefaultConfig)
    PID_AutoTune_HasResult                   0x08004443   Thumb Code   108  pid.o(i.PID_AutoTune_HasResult)
    PID_AutoTune_Init                        0x080044af   Thumb Code    60  pid.o(i.PID_AutoTune_Init)
    PID_AutoTune_IsRunning                   0x08004519   Thumb Code    28  pid.o(i.PID_AutoTune_IsRunning)
    PID_AutoTune_Start                       0x08004591   Thumb Code   368  pid.o(i.PID_AutoTune_Start)
    PID_AutoTune_Task                        0x08004791   Thumb Code   474  pid.o(i.PID_AutoTune_Task)
    PID_Control_Init                         0x080049df   Thumb Code    94  pid.o(i.PID_Control_Init)
    PID_Control_RequestAutoTune              0x08004a3d   Thumb Code    12  pid.o(i.PID_Control_RequestAutoTune)
    PID_Control_SetManual                    0x08004a49   Thumb Code    46  pid.o(i.PID_Control_SetManual)
    PID_Control_Task                         0x08004a77   Thumb Code   202  pid.o(i.PID_Control_Task)
    PendSV_Handler                           0x08004b41   Thumb Code     2  stm32f4xx_it.o(i.PendSV_Handler)
    SPI_SendByte                             0x08004b45   Thumb Code    76  bsp_dac8568.o(i.SPI_SendByte)
    SVC_Handler                              0x08004b95   Thumb Code     2  stm32f4xx_it.o(i.SVC_Handler)
    SysTick_Handler                          0x08004b97   Thumb Code     4  stm32f4xx_it.o(i.SysTick_Handler)
    SystemClock_Config                       0x08004b9d   Thumb Code   142  main.o(i.SystemClock_Config)
    SystemInit                               0x08004c35   Thumb Code    12  system_stm32f4xx.o(i.SystemInit)
    TEC_TempV                                0x08004c45   Thumb Code   114  formula.o(i.TEC_TempV)
    UART1_Comm_IRQHandler                    0x08004ccd   Thumb Code    40  uart1_comm.o(i.UART1_Comm_IRQHandler)
    UART1_Comm_IsTxBusy                      0x08004cf9   Thumb Code    12  uart1_comm.o(i.UART1_Comm_IsTxBusy)
    UART1_Comm_OnError                       0x08004d09   Thumb Code    64  uart1_comm.o(i.UART1_Comm_OnError)
    UART1_Comm_OnRxDmaEvent                  0x08004d59   Thumb Code    14  uart1_comm.o(i.UART1_Comm_OnRxDmaEvent)
    UART1_Comm_OnTxCplt                      0x08004d6d   Thumb Code    16  uart1_comm.o(i.UART1_Comm_OnTxCplt)
    UART1_Comm_ReadLine                      0x08004e45   Thumb Code    74  uart1_comm.o(i.UART1_Comm_ReadLine)
    UART1_Comm_Start                         0x08004e99   Thumb Code    74  uart1_comm.o(i.UART1_Comm_Start)
    UART1_SendString_DMA                     0x08004ef1   Thumb Code    74  uart1_comm.o(i.UART1_SendString_DMA)
    UART_Start_Receive_DMA                   0x08005299   Thumb Code   146  stm32f4xx_hal_uart.o(i.UART_Start_Receive_DMA)
    USART1_IRQHandler                        0x08005339   Thumb Code    18  stm32f4xx_it.o(i.USART1_IRQHandler)
    UsageFault_Handler                       0x08005351   Thumb Code     2  stm32f4xx_it.o(i.UsageFault_Handler)
    __ARM_fpclassify                         0x08005353   Thumb Code    48  fpclassify.o(i.__ARM_fpclassify)
    __ARM_fpclassifyf                        0x08005383   Thumb Code    38  fpclassifyf.o(i.__ARM_fpclassifyf)
    __hardfp_expf                            0x080053c9   Thumb Code   422  expf.o(i.__hardfp_expf)
    __mathlib_expf                           0x080053c9   Thumb Code     0  expf.o(i.__hardfp_expf)
    __hardfp_log                             0x080055b1   Thumb Code   882  log.o(i.__hardfp_log)
    __kernel_poly                            0x08005995   Thumb Code   248  poly.o(i.__kernel_poly)
    __mathlib_flt_underflow                  0x08005a8d   Thumb Code    10  funder.o(i.__mathlib_flt_underflow)
    _is_digit                                0x08005a9d   Thumb Code    14  __printf_wp.o(i._is_digit)
    main                                     0x08005ac1   Thumb Code   502  main.o(i.main)
    _get_lc_numeric                          0x08005d01   Thumb Code    44  lc_numeric_c.o(locale$$code)
    _get_lc_ctype                            0x08005d2d   Thumb Code    44  lc_ctype_c.o(locale$$code)
    __aeabi_d2f                              0x08005d59   Thumb Code     0  d2f.o(x$fpl$d2f)
    _d2f                                     0x08005d59   Thumb Code    98  d2f.o(x$fpl$d2f)
    __aeabi_dadd                             0x08005dbd   Thumb Code     0  daddsub_clz.o(x$fpl$dadd)
    _dadd                                    0x08005dbd   Thumb Code   332  daddsub_clz.o(x$fpl$dadd)
    __fpl_dcmp_Inf                           0x08005f0d   Thumb Code    24  dcmpi.o(x$fpl$dcmpinf)
    __aeabi_ddiv                             0x08005f25   Thumb Code     0  ddiv.o(x$fpl$ddiv)
    _ddiv                                    0x08005f25   Thumb Code   552  ddiv.o(x$fpl$ddiv)
    __aeabi_cdcmpeq                          0x080061d5   Thumb Code     0  deqf.o(x$fpl$deqf)
    _dcmpeq                                  0x080061d5   Thumb Code   120  deqf.o(x$fpl$deqf)
    __aeabi_d2uiz                            0x0800624d   Thumb Code     0  dfixu.o(x$fpl$dfixu)
    _dfixu                                   0x0800624d   Thumb Code    90  dfixu.o(x$fpl$dfixu)
    __aeabi_i2d                              0x080062a7   Thumb Code     0  dflt_clz.o(x$fpl$dflt)
    _dflt                                    0x080062a7   Thumb Code    46  dflt_clz.o(x$fpl$dflt)
    __aeabi_ui2d                             0x080062d5   Thumb Code     0  dflt_clz.o(x$fpl$dfltu)
    _dfltu                                   0x080062d5   Thumb Code    38  dflt_clz.o(x$fpl$dfltu)
    __aeabi_cdcmple                          0x080062fd   Thumb Code     0  dleqf.o(x$fpl$dleqf)
    _dcmple                                  0x080062fd   Thumb Code   120  dleqf.o(x$fpl$dleqf)
    __fpl_dcmple_InfNaN                      0x0800635f   Thumb Code     0  dleqf.o(x$fpl$dleqf)
    __aeabi_dmul                             0x08006375   Thumb Code     0  dmul.o(x$fpl$dmul)
    _dmul                                    0x08006375   Thumb Code   332  dmul.o(x$fpl$dmul)
    __fpl_dnaninf                            0x080064c9   Thumb Code   156  dnaninf.o(x$fpl$dnaninf)
    __fpl_dretinf                            0x08006565   Thumb Code    12  dretinf.o(x$fpl$dretinf)
    __aeabi_cdrcmple                         0x08006571   Thumb Code     0  drleqf.o(x$fpl$drleqf)
    _drcmple                                 0x08006571   Thumb Code   108  drleqf.o(x$fpl$drleqf)
    __aeabi_drsub                            0x080065dd   Thumb Code     0  daddsub_clz.o(x$fpl$drsb)
    _drsb                                    0x080065dd   Thumb Code    22  daddsub_clz.o(x$fpl$drsb)
    __aeabi_dsub                             0x080065f5   Thumb Code     0  daddsub_clz.o(x$fpl$dsub)
    _dsub                                    0x080065f5   Thumb Code   464  daddsub_clz.o(x$fpl$dsub)
    __aeabi_f2d                              0x080067c9   Thumb Code     0  f2d.o(x$fpl$f2d)
    _f2d                                     0x080067c9   Thumb Code    86  f2d.o(x$fpl$f2d)
    __fpl_fnaninf                            0x0800681f   Thumb Code   140  fnaninf.o(x$fpl$fnaninf)
    _fp_init                                 0x080068ab   Thumb Code    10  fpinit.o(x$fpl$fpinit)
    __fplib_config_fpu_vfp                   0x080068b3   Thumb Code     0  fpinit.o(x$fpl$fpinit)
    __fplib_config_pureend_doubles           0x080068b3   Thumb Code     0  fpinit.o(x$fpl$fpinit)
    __fpl_fretinf                            0x080068b5   Thumb Code    10  fretinf.o(x$fpl$fretinf)
    _printf_fp_dec                           0x080068bf   Thumb Code     4  printf1.o(x$fpl$printf1)
    _printf_fp_hex                           0x080068c3   Thumb Code     4  printf2.o(x$fpl$printf2)
    __I$use$fp                               0x080068c6   Number         0  usenofp.o(x$fpl$usenofp)
    AHBPrescTable                            0x080068ce   Data          16  system_stm32f4xx.o(.constdata)
    APBPrescTable                            0x080068de   Data           8  system_stm32f4xx.o(.constdata)
    __mathlib_zero                           0x08006990   Data           8  qnan.o(.constdata)
    Region$$Table$$Base                      0x08006b14   Number         0  anon$$obj.o(Region$$Table)
    Region$$Table$$Limit                     0x08006b34   Number         0  anon$$obj.o(Region$$Table)
    __ctype                                  0x08006b5d   Data           0  lc_ctype_c.o(locale$$data)
    uwTickFreq                               0x20000040   Data           1  stm32f4xx_hal.o(.data)
    uwTickPrio                               0x20000044   Data           4  stm32f4xx_hal.o(.data)
    uwTick                                   0x20000048   Data           4  stm32f4xx_hal.o(.data)
    SystemCoreClock                          0x2000004c   Data           4  system_stm32f4xx.o(.data)
    g_target_temperature_mC                  0x20000058   Data           4  command_parser.o(.data)
    g_target_current_uA                      0x2000005c   Data           4  command_parser.o(.data)
    TEC1_Control                             0x2000007c   Data         280  main.o(.bss)
    huart1                                   0x20000194   Data          72  usart.o(.bss)
    hdma_usart1_rx                           0x200001dc   Data          96  usart.o(.bss)
    hdma_usart1_tx                           0x2000023c   Data          96  usart.o(.bss)
    g_dac8568_code                           0x2000029c   Data          16  bsp_dac8568.o(.bss)
    __libspace_start                         0x200004ac   Data          96  libspace.o(.bss)
    __temporary_stack_top$libspace           0x2000050c   Data           0  libspace.o(.bss)



==============================================================================

Memory Map of the image

  Image Entry point : 0x08000189

  Load Region LR_IROM1 (Base: 0x08000000, Size: 0x00006cc0, Max: 0x00080000, ABSOLUTE)

    Execution Region ER_IROM1 (Base: 0x08000000, Size: 0x00006c60, Max: 0x00080000, ABSOLUTE)

    Base Addr    Size         Type   Attr      Idx    E Section Name        Object

    0x08000000   0x00000188   Data   RO            3    RESET               startup_stm32f407xx.o
    0x08000188   0x00000008   Code   RO         2636  * !!!main             c_w.l(__main.o)
    0x08000190   0x00000034   Code   RO         3037    !!!scatter          c_w.l(__scatter.o)
    0x080001c4   0x0000001a   Code   RO         3039    !!handler_copy      c_w.l(__scatter_copy.o)
    0x080001de   0x00000002   PAD
    0x080001e0   0x0000001c   Code   RO         3041    !!handler_zi        c_w.l(__scatter_zi.o)
    0x080001fc   0x00000000   Code   RO         2621    .ARM.Collect$$_printf_percent$$00000000  c_w.l(_printf_percent.o)
    0x080001fc   0x00000006   Code   RO         2764    .ARM.Collect$$_printf_percent$$00000001  c_w.l(_printf_n.o)
    0x08000202   0x00000006   Code   RO         2766    .ARM.Collect$$_printf_percent$$00000002  c_w.l(_printf_p.o)
    0x08000208   0x00000006   Code   RO         2770    .ARM.Collect$$_printf_percent$$00000003  c_w.l(_printf_f.o)
    0x0800020e   0x00000006   Code   RO         2771    .ARM.Collect$$_printf_percent$$00000004  c_w.l(_printf_e.o)
    0x08000214   0x00000006   Code   RO         2772    .ARM.Collect$$_printf_percent$$00000005  c_w.l(_printf_g.o)
    0x0800021a   0x00000006   Code   RO         2773    .ARM.Collect$$_printf_percent$$00000006  c_w.l(_printf_a.o)
    0x08000220   0x0000000a   Code   RO         2778    .ARM.Collect$$_printf_percent$$00000007  c_w.l(_printf_ll.o)
    0x0800022a   0x00000006   Code   RO         2768    .ARM.Collect$$_printf_percent$$00000008  c_w.l(_printf_i.o)
    0x08000230   0x00000006   Code   RO         2620    .ARM.Collect$$_printf_percent$$00000009  c_w.l(_printf_d.o)
    0x08000236   0x00000006   Code   RO         2769    .ARM.Collect$$_printf_percent$$0000000A  c_w.l(_printf_u.o)
    0x0800023c   0x00000006   Code   RO         2767    .ARM.Collect$$_printf_percent$$0000000B  c_w.l(_printf_o.o)
    0x08000242   0x00000006   Code   RO         2765    .ARM.Collect$$_printf_percent$$0000000C  c_w.l(_printf_x.o)
    0x08000248   0x00000006   Code   RO         2775    .ARM.Collect$$_printf_percent$$0000000D  c_w.l(_printf_lli.o)
    0x0800024e   0x00000006   Code   RO         2776    .ARM.Collect$$_printf_percent$$0000000E  c_w.l(_printf_lld.o)
    0x08000254   0x00000006   Code   RO         2777    .ARM.Collect$$_printf_percent$$0000000F  c_w.l(_printf_llu.o)
    0x0800025a   0x00000006   Code   RO         2782    .ARM.Collect$$_printf_percent$$00000010  c_w.l(_printf_llo.o)
    0x08000260   0x00000006   Code   RO         2783    .ARM.Collect$$_printf_percent$$00000011  c_w.l(_printf_llx.o)
    0x08000266   0x0000000a   Code   RO         2779    .ARM.Collect$$_printf_percent$$00000012  c_w.l(_printf_l.o)
    0x08000270   0x00000006   Code   RO         2763    .ARM.Collect$$_printf_percent$$00000013  c_w.l(_printf_c.o)
    0x08000276   0x00000006   Code   RO         2619    .ARM.Collect$$_printf_percent$$00000014  c_w.l(_printf_s.o)
    0x0800027c   0x00000006   Code   RO         2780    .ARM.Collect$$_printf_percent$$00000015  c_w.l(_printf_lc.o)
    0x08000282   0x00000006   Code   RO         2781    .ARM.Collect$$_printf_percent$$00000016  c_w.l(_printf_ls.o)
    0x08000288   0x00000004   Code   RO         2774    .ARM.Collect$$_printf_percent$$00000017  c_w.l(_printf_percent_end.o)
    0x0800028c   0x00000002   Code   RO         2910    .ARM.Collect$$libinit$$00000000  c_w.l(libinit.o)
    0x0800028e   0x00000004   Code   RO         2922    .ARM.Collect$$libinit$$00000001  c_w.l(libinit2.o)
    0x08000292   0x00000000   Code   RO         2926    .ARM.Collect$$libinit$$00000008  c_w.l(libinit2.o)
    0x08000292   0x00000000   Code   RO         2928    .ARM.Collect$$libinit$$0000000A  c_w.l(libinit2.o)
    0x08000292   0x00000000   Code   RO         2930    .ARM.Collect$$libinit$$0000000C  c_w.l(libinit2.o)
    0x08000292   0x00000006   Code   RO         2931    .ARM.Collect$$libinit$$0000000D  c_w.l(libinit2.o)
    0x08000298   0x00000000   Code   RO         2933    .ARM.Collect$$libinit$$0000000F  c_w.l(libinit2.o)
    0x08000298   0x0000000c   Code   RO         2934    .ARM.Collect$$libinit$$00000010  c_w.l(libinit2.o)
    0x080002a4   0x00000000   Code   RO         2935    .ARM.Collect$$libinit$$00000011  c_w.l(libinit2.o)
    0x080002a4   0x00000000   Code   RO         2937    .ARM.Collect$$libinit$$00000013  c_w.l(libinit2.o)
    0x080002a4   0x0000000a   Code   RO         2938    .ARM.Collect$$libinit$$00000014  c_w.l(libinit2.o)
    0x080002ae   0x00000000   Code   RO         2939    .ARM.Collect$$libinit$$00000015  c_w.l(libinit2.o)
    0x080002ae   0x00000000   Code   RO         2941    .ARM.Collect$$libinit$$00000017  c_w.l(libinit2.o)
    0x080002ae   0x00000000   Code   RO         2943    .ARM.Collect$$libinit$$00000019  c_w.l(libinit2.o)
    0x080002ae   0x00000000   Code   RO         2945    .ARM.Collect$$libinit$$0000001B  c_w.l(libinit2.o)
    0x080002ae   0x00000000   Code   RO         2947    .ARM.Collect$$libinit$$0000001D  c_w.l(libinit2.o)
    0x080002ae   0x00000000   Code   RO         2949    .ARM.Collect$$libinit$$0000001F  c_w.l(libinit2.o)
    0x080002ae   0x00000000   Code   RO         2951    .ARM.Collect$$libinit$$00000021  c_w.l(libinit2.o)
    0x080002ae   0x00000000   Code   RO         2953    .ARM.Collect$$libinit$$00000023  c_w.l(libinit2.o)
    0x080002ae   0x00000000   Code   RO         2957    .ARM.Collect$$libinit$$0000002A  c_w.l(libinit2.o)
    0x080002ae   0x00000000   Code   RO         2959    .ARM.Collect$$libinit$$0000002C  c_w.l(libinit2.o)
    0x080002ae   0x00000000   Code   RO         2961    .ARM.Collect$$libinit$$0000002E  c_w.l(libinit2.o)
    0x080002ae   0x00000000   Code   RO         2963    .ARM.Collect$$libinit$$00000030  c_w.l(libinit2.o)
    0x080002ae   0x00000002   Code   RO         2964    .ARM.Collect$$libinit$$00000031  c_w.l(libinit2.o)
    0x080002b0   0x00000002   Code   RO         2995    .ARM.Collect$$libshutdown$$00000000  c_w.l(libshutdown.o)
    0x080002b2   0x00000000   Code   RO         3022    .ARM.Collect$$libshutdown$$00000003  c_w.l(libshutdown2.o)
    0x080002b2   0x00000000   Code   RO         3025    .ARM.Collect$$libshutdown$$00000006  c_w.l(libshutdown2.o)
    0x080002b2   0x00000000   Code   RO         3028    .ARM.Collect$$libshutdown$$00000009  c_w.l(libshutdown2.o)
    0x080002b2   0x00000000   Code   RO         3030    .ARM.Collect$$libshutdown$$0000000B  c_w.l(libshutdown2.o)
    0x080002b2   0x00000000   Code   RO         3033    .ARM.Collect$$libshutdown$$0000000E  c_w.l(libshutdown2.o)
    0x080002b2   0x00000002   Code   RO         3034    .ARM.Collect$$libshutdown$$0000000F  c_w.l(libshutdown2.o)
    0x080002b4   0x00000000   Code   RO         2710    .ARM.Collect$$rtentry$$00000000  c_w.l(rtentry.o)
    0x080002b4   0x00000000   Code   RO         2823    .ARM.Collect$$rtentry$$00000002  c_w.l(rtentry2.o)
    0x080002b4   0x00000006   Code   RO         2835    .ARM.Collect$$rtentry$$00000004  c_w.l(rtentry4.o)
    0x080002ba   0x00000000   Code   RO         2825    .ARM.Collect$$rtentry$$00000009  c_w.l(rtentry2.o)
    0x080002ba   0x00000004   Code   RO         2826    .ARM.Collect$$rtentry$$0000000A  c_w.l(rtentry2.o)
    0x080002be   0x00000000   Code   RO         2828    .ARM.Collect$$rtentry$$0000000C  c_w.l(rtentry2.o)
    0x080002be   0x00000008   Code   RO         2829    .ARM.Collect$$rtentry$$0000000D  c_w.l(rtentry2.o)
    0x080002c6   0x00000002   Code   RO         2911    .ARM.Collect$$rtexit$$00000000  c_w.l(rtexit.o)
    0x080002c8   0x00000000   Code   RO         2968    .ARM.Collect$$rtexit$$00000002  c_w.l(rtexit2.o)
    0x080002c8   0x00000004   Code   RO         2969    .ARM.Collect$$rtexit$$00000003  c_w.l(rtexit2.o)
    0x080002cc   0x00000006   Code   RO         2970    .ARM.Collect$$rtexit$$00000004  c_w.l(rtexit2.o)
    0x080002d2   0x00000002   PAD
    0x080002d4   0x00000040   Code   RO            4    .text               startup_stm32f407xx.o
    0x08000314   0x000000ee   Code   RO         2581    .text               c_w.l(lludivv7m.o)
    0x08000402   0x00000048   Code   RO         2583    .text               c_w.l(llsdiv.o)
    0x0800044a   0x00000002   PAD
    0x0800044c   0x00000034   Code   RO         2585    .text               c_w.l(vsnprintf.o)
    0x08000480   0x00000038   Code   RO         2587    .text               c_w.l(__2snprintf.o)
    0x080004b8   0x0000004e   Code   RO         2593    .text               c_w.l(_printf_pad.o)
    0x08000506   0x00000052   Code   RO         2595    .text               c_w.l(_printf_str.o)
    0x08000558   0x00000074   Code   RO         2597    .text               c_w.l(_printf_dec.o)
    0x080005cc   0x00000188   Code   RO         2616    .text               c_w.l(__printf_flags_ss_wp.o)
    0x08000754   0x00000014   Code   RO         2622    .text               c_w.l(strchr.o)
    0x08000768   0x0000008a   Code   RO         2624    .text               c_w.l(rt_memcpy_v6.o)
    0x080007f2   0x00000064   Code   RO         2626    .text               c_w.l(rt_memcpy_w.o)
    0x08000856   0x00000044   Code   RO         2628    .text               c_w.l(rt_memclr.o)
    0x0800089a   0x0000004e   Code   RO         2630    .text               c_w.l(rt_memclr_w.o)
    0x080008e8   0x00000080   Code   RO         2632    .text               c_w.l(strcmpv7m.o)
    0x08000968   0x00000006   Code   RO         2634    .text               c_w.l(heapauxi.o)
    0x0800096e   0x00000016   Code   RO         2715    .text               c_w.l(_rserrno.o)
    0x08000984   0x00000024   Code   RO         2717    .text               c_w.l(_printf_truncate.o)
    0x080009a8   0x000000b2   Code   RO         2719    .text               c_w.l(_printf_intcommon.o)
    0x08000a5a   0x00000028   Code   RO         2721    .text               c_w.l(_printf_charcount.o)
    0x08000a82   0x00000002   PAD
    0x08000a84   0x00000030   Code   RO         2723    .text               c_w.l(_printf_char_common.o)
    0x08000ab4   0x0000000a   Code   RO         2725    .text               c_w.l(_sputc.o)
    0x08000abe   0x00000010   Code   RO         2727    .text               c_w.l(_snputc.o)
    0x08000ace   0x0000002c   Code   RO         2729    .text               c_w.l(_printf_char.o)
    0x08000afa   0x00000002   PAD
    0x08000afc   0x000000bc   Code   RO         2731    .text               c_w.l(_printf_wctomb.o)
    0x08000bb8   0x00000078   Code   RO         2734    .text               c_w.l(_printf_longlong_dec.o)
    0x08000c30   0x00000070   Code   RO         2740    .text               c_w.l(_printf_oct_int_ll.o)
    0x08000ca0   0x00000094   Code   RO         2760    .text               c_w.l(_printf_hex_int_ll_ptr.o)
    0x08000d34   0x00000008   Code   RO         2842    .text               c_w.l(rt_errno_addr_intlibspace.o)
    0x08000d3c   0x0000008a   Code   RO         2844    .text               c_w.l(lludiv10.o)
    0x08000dc6   0x00000416   Code   RO         2846    .text               c_w.l(_printf_fp_dec.o)
    0x080011dc   0x000002f8   Code   RO         2848    .text               c_w.l(_printf_fp_hex.o)
    0x080014d4   0x0000002c   Code   RO         2853    .text               c_w.l(_printf_wchar.o)
    0x08001500   0x00000040   Code   RO         2855    .text               c_w.l(_wcrtomb.o)
    0x08001540   0x00000008   Code   RO         2857    .text               c_w.l(libspace.o)
    0x08001548   0x0000004a   Code   RO         2860    .text               c_w.l(sys_stackheap_outer.o)
    0x08001592   0x00000002   PAD
    0x08001594   0x00000010   Code   RO         2862    .text               c_w.l(rt_ctype_table.o)
    0x080015a4   0x00000008   Code   RO         2867    .text               c_w.l(rt_locale_intlibspace.o)
    0x080015ac   0x00000080   Code   RO         2869    .text               c_w.l(_printf_fp_infnan.o)
    0x0800162c   0x000000d8   Code   RO         2871    .text               c_w.l(bigflt0.o)
    0x08001704   0x0000000c   Code   RO         2899    .text               c_w.l(exit.o)
    0x08001710   0x0000000c   Code   RO         2965    .text               c_w.l(sys_exit.o)
    0x0800171c   0x00000002   Code   RO         2984    .text               c_w.l(use_no_semi.o)
    0x0800171e   0x00000000   Code   RO         2986    .text               c_w.l(indicate_semi.o)
    0x0800171e   0x0000003e   Code   RO         2874    CL$$btod_d2e        c_w.l(btod.o)
    0x0800175c   0x00000046   Code   RO         2876    CL$$btod_d2e_denorm_low  c_w.l(btod.o)
    0x080017a2   0x00000060   Code   RO         2875    CL$$btod_d2e_norm_op1  c_w.l(btod.o)
    0x08001802   0x00000338   Code   RO         2884    CL$$btod_div_common  c_w.l(btod.o)
    0x08001b3a   0x000000c6   Code   RO         2881    CL$$btod_e2e        c_w.l(btod.o)
    0x08001c00   0x00000028   Code   RO         2878    CL$$btod_ediv       c_w.l(btod.o)
    0x08001c28   0x00000028   Code   RO         2877    CL$$btod_emul       c_w.l(btod.o)
    0x08001c50   0x00000244   Code   RO         2883    CL$$btod_mult_common  c_w.l(btod.o)
    0x08001e94   0x0000008c   Code   RO         2166    i.ADS1256_CfgADC    ads1255.o
    0x08001f20   0x0000008c   Code   RO         2167    i.ADS1256_CodeToVoltage  ads1255.o
    0x08001fac   0x0000002c   Code   RO         2169    i.ADS1256_GPIO_Init  ads1255.o
    0x08001fd8   0x00000070   Code   RO         2170    i.ADS1256_GetAdcSigned  ads1255.o
    0x08002048   0x00000094   Code   RO         2172    i.ADS1256_GetAdcTrimmedMean1  ads1255.o
    0x080020dc   0x0000004c   Code   RO         2175    i.ADS1256_Recive8Bit  ads1255.o
    0x08002128   0x0000004c   Code   RO         2176    i.ADS1256_Send8Bit  ads1255.o
    0x08002174   0x00000054   Code   RO         2177    i.ADS1256_SetDiffChannel  ads1255.o
    0x080021c8   0x00000028   Code   RO         2180    i.ADS1256_WriteCmd  ads1255.o
    0x080021f0   0x00000038   Code   RO         2181    i.ADS1256_WriteReg  ads1255.o
    0x08002228   0x000000b0   Code   RO           13    i.App_ProcessPcCommand  main.o
    0x080022d8   0x00000002   Code   RO          304    i.BusFault_Handler  stm32f4xx_it.o
    0x080022da   0x00000002   PAD
    0x080022dc   0x00000044   Code   RO         2018    i.CTRL_TempVout     formula.o
    0x08002320   0x000001f8   Code   RO         2372    i.Command_Execute   command_parser.o
    0x08002518   0x00000084   Code   RO         2373    i.Command_FormatFixed3  command_parser.o
    0x0800259c   0x0000008c   Code   RO         2374    i.Command_ParseInt32  command_parser.o
    0x08002628   0x00000088   Code   RO         2375    i.Command_ParseLine  command_parser.o
    0x080026b0   0x00000060   Code   RO         2090    i.DAC8568_Init      bsp_dac8568.o
    0x08002710   0x000000a4   Code   RO         2092    i.DAC8568_SetVoltage  bsp_dac8568.o
    0x080027b4   0x00000060   Code   RO         2093    i.DAC8568_WriteCmd  bsp_dac8568.o
    0x08002814   0x00000088   Code   RO         2094    i.DAC8568_Write_Command  bsp_dac8568.o
    0x0800289c   0x00000058   Code   RO         2095    i.DAC8568_Write_passageway  bsp_dac8568.o
    0x080028f4   0x0000000c   Code   RO          305    i.DMA2_Stream2_IRQHandler  stm32f4xx_it.o
    0x08002900   0x0000000c   Code   RO          306    i.DMA2_Stream7_IRQHandler  stm32f4xx_it.o
    0x0800290c   0x00000028   Code   RO         1244    i.DMA_CalcBaseAndBitshift  stm32f4xx_hal_dma.o
    0x08002934   0x00000054   Code   RO         1245    i.DMA_CheckFifoParam  stm32f4xx_hal_dma.o
    0x08002988   0x00000028   Code   RO         1246    i.DMA_SetConfig     stm32f4xx_hal_dma.o
    0x080029b0   0x00000002   Code   RO          307    i.DebugMon_Handler  stm32f4xx_it.o
    0x080029b2   0x00000004   Code   RO           14    i.Error_Handler     main.o
    0x080029b6   0x00000020   Code   RO         2019    i.Formula_LimitFloat  formula.o
    0x080029d6   0x00000002   PAD
    0x080029d8   0x00000034   Code   RO         2020    i.Formula_TecPid_Init  formula.o
    0x08002a0c   0x0000001c   Code   RO         2021    i.Formula_TecPid_Reset  formula.o
    0x08002a28   0x000000ec   Code   RO         2022    i.Formula_TecTemperature_PID  formula.o
    0x08002b14   0x00000092   Code   RO         1247    i.HAL_DMA_Abort     stm32f4xx_hal_dma.o
    0x08002ba6   0x00000024   Code   RO         1248    i.HAL_DMA_Abort_IT  stm32f4xx_hal_dma.o
    0x08002bca   0x00000004   Code   RO         1250    i.HAL_DMA_GetError  stm32f4xx_hal_dma.o
    0x08002bce   0x00000002   PAD
    0x08002bd0   0x000001a0   Code   RO         1252    i.HAL_DMA_IRQHandler  stm32f4xx_hal_dma.o
    0x08002d70   0x000000d4   Code   RO         1253    i.HAL_DMA_Init      stm32f4xx_hal_dma.o
    0x08002e44   0x0000006e   Code   RO         1257    i.HAL_DMA_Start_IT  stm32f4xx_hal_dma.o
    0x08002eb2   0x00000002   PAD
    0x08002eb4   0x00000024   Code   RO         1684    i.HAL_Delay         stm32f4xx_hal.o
    0x08002ed8   0x000001f0   Code   RO         1140    i.HAL_GPIO_Init     stm32f4xx_hal_gpio.o
    0x080030c8   0x0000000a   Code   RO         1142    i.HAL_GPIO_ReadPin  stm32f4xx_hal_gpio.o
    0x080030d2   0x0000000a   Code   RO         1144    i.HAL_GPIO_WritePin  stm32f4xx_hal_gpio.o
    0x080030dc   0x0000000c   Code   RO         1690    i.HAL_GetTick       stm32f4xx_hal.o
    0x080030e8   0x00000010   Code   RO         1696    i.HAL_IncTick       stm32f4xx_hal.o
    0x080030f8   0x00000034   Code   RO         1697    i.HAL_Init          stm32f4xx_hal.o
    0x0800312c   0x00000040   Code   RO         1698    i.HAL_InitTick      stm32f4xx_hal.o
    0x0800316c   0x00000030   Code   RO          398    i.HAL_MspInit       stm32f4xx_hal_msp.o
    0x0800319c   0x0000001a   Code   RO         1532    i.HAL_NVIC_EnableIRQ  stm32f4xx_hal_cortex.o
    0x080031b6   0x00000002   PAD
    0x080031b8   0x00000040   Code   RO         1538    i.HAL_NVIC_SetPriority  stm32f4xx_hal_cortex.o
    0x080031f8   0x00000024   Code   RO         1539    i.HAL_NVIC_SetPriorityGrouping  stm32f4xx_hal_cortex.o
    0x0800321c   0x00000134   Code   RO          786    i.HAL_RCC_ClockConfig  stm32f4xx_hal_rcc.o
    0x08003350   0x00000020   Code   RO          793    i.HAL_RCC_GetPCLK1Freq  stm32f4xx_hal_rcc.o
    0x08003370   0x00000020   Code   RO          794    i.HAL_RCC_GetPCLK2Freq  stm32f4xx_hal_rcc.o
    0x08003390   0x00000064   Code   RO          795    i.HAL_RCC_GetSysClockFreq  stm32f4xx_hal_rcc.o
    0x080033f4   0x0000036c   Code   RO          798    i.HAL_RCC_OscConfig  stm32f4xx_hal_rcc.o
    0x08003760   0x00000028   Code   RO         1543    i.HAL_SYSTICK_Config  stm32f4xx_hal_cortex.o
    0x08003788   0x00000002   Code   RO          434    i.HAL_UARTEx_RxEventCallback  stm32f4xx_hal_uart.o
    0x0800378a   0x00000094   Code   RO          437    i.HAL_UART_AbortReceive  stm32f4xx_hal_uart.o
    0x0800381e   0x00000004   Code   RO           15    i.HAL_UART_ErrorCallback  main.o
    0x08003822   0x00000002   PAD
    0x08003824   0x00000280   Code   RO          451    i.HAL_UART_IRQHandler  stm32f4xx_hal_uart.o
    0x08003aa4   0x00000064   Code   RO          452    i.HAL_UART_Init     stm32f4xx_hal_uart.o
    0x08003b08   0x000000ec   Code   RO          263    i.HAL_UART_MspInit  usart.o
    0x08003bf4   0x0000001c   Code   RO          456    i.HAL_UART_Receive_DMA  stm32f4xx_hal_uart.o
    0x08003c10   0x00000004   Code   RO           16    i.HAL_UART_RxCpltCallback  main.o
    0x08003c14   0x00000004   Code   RO           17    i.HAL_UART_RxHalfCpltCallback  main.o
    0x08003c18   0x00000084   Code   RO          461    i.HAL_UART_Transmit_DMA  stm32f4xx_hal_uart.o
    0x08003c9c   0x00000004   Code   RO           18    i.HAL_UART_TxCpltCallback  main.o
    0x08003ca0   0x00000002   Code   RO          464    i.HAL_UART_TxHalfCpltCallback  stm32f4xx_hal_uart.o
    0x08003ca2   0x00000002   Code   RO          308    i.HardFault_Handler  stm32f4xx_it.o
    0x08003ca4   0x0000003c   Code   RO          238    i.MX_DMA_Init       dma.o
    0x08003ce0   0x000000dc   Code   RO          214    i.MX_GPIO_Init      gpio.o
    0x08003dbc   0x00000038   Code   RO          264    i.MX_USART1_UART_Init  usart.o
    0x08003df4   0x00000008   Code   RO         2096    i.Mcpdely           bsp_dac8568.o
    0x08003dfc   0x00000002   Code   RO          309    i.MemManage_Handler  stm32f4xx_it.o
    0x08003dfe   0x00000002   Code   RO          310    i.NMI_Handler       stm32f4xx_it.o
    0x08003e00   0x0000013c   Code   RO         1972    i.NTC_NodeVoltageToTemperature  thermal.o
    0x08003f3c   0x00000024   Code   RO         2416    i.PID_AutoTune_Abort  pid.o
    0x08003f60   0x00000010   Code   RO         2417    i.PID_AutoTune_AbsFloat  pid.o
    0x08003f70   0x00000038   Code   RO         2418    i.PID_AutoTune_ApplyResult  pid.o
    0x08003fa8   0x000001b4   Code   RO         2419    i.PID_AutoTune_CalculateGains  pid.o
    0x0800415c   0x00000122   Code   RO         2420    i.PID_AutoTune_ConfigIsValid  pid.o
    0x0800427e   0x00000002   PAD
    0x08004280   0x000000e4   Code   RO         2421    i.PID_AutoTune_CyclesAreStable  pid.o
    0x08004364   0x00000088   Code   RO         2422    i.PID_AutoTune_DefaultConfig  pid.o
    0x080043ec   0x00000018   Code   RO         2423    i.PID_AutoTune_EnterHigh  pid.o
    0x08004404   0x00000018   Code   RO         2424    i.PID_AutoTune_EnterLow  pid.o
    0x0800441c   0x00000026   Code   RO         2425    i.PID_AutoTune_Fail  pid.o
    0x08004442   0x0000006c   Code   RO         2427    i.PID_AutoTune_HasResult  pid.o
    0x080044ae   0x0000003c   Code   RO         2428    i.PID_AutoTune_Init  pid.o
    0x080044ea   0x00000002   PAD
    0x080044ec   0x0000002c   Code   RO         2429    i.PID_AutoTune_IsFiniteFloat  pid.o
    0x08004518   0x0000001c   Code   RO         2430    i.PID_AutoTune_IsRunning  pid.o
    0x08004534   0x00000020   Code   RO         2431    i.PID_AutoTune_LimitFloat  pid.o
    0x08004554   0x0000003c   Code   RO         2432    i.PID_AutoTune_RestoreSavedState  pid.o
    0x08004590   0x00000178   Code   RO         2433    i.PID_AutoTune_Start  pid.o
    0x08004708   0x00000088   Code   RO         2434    i.PID_AutoTune_StoreCycle  pid.o
    0x08004790   0x000001e0   Code   RO         2435    i.PID_AutoTune_Task  pid.o
    0x08004970   0x0000003c   Code   RO         2436    i.PID_AutoTune_UpdateProgress  pid.o
    0x080049ac   0x00000032   Code   RO         2437    i.PID_AutoTune_WriteOutput  pid.o
    0x080049de   0x0000005e   Code   RO         2440    i.PID_Control_Init  pid.o
    0x08004a3c   0x0000000c   Code   RO         2441    i.PID_Control_RequestAutoTune  pid.o
    0x08004a48   0x0000002e   Code   RO         2442    i.PID_Control_SetManual  pid.o
    0x08004a76   0x000000ca   Code   RO         2443    i.PID_Control_Task  pid.o
    0x08004b40   0x00000002   Code   RO          311    i.PendSV_Handler    stm32f4xx_it.o
    0x08004b42   0x00000002   PAD
    0x08004b44   0x00000050   Code   RO         2097    i.SPI_SendByte      bsp_dac8568.o
    0x08004b94   0x00000002   Code   RO          312    i.SVC_Handler       stm32f4xx_it.o
    0x08004b96   0x00000004   Code   RO          313    i.SysTick_Handler   stm32f4xx_it.o
    0x08004b9a   0x00000002   PAD
    0x08004b9c   0x00000098   Code   RO           19    i.SystemClock_Config  main.o
    0x08004c34   0x00000010   Code   RO         1936    i.SystemInit        system_stm32f4xx.o
    0x08004c44   0x00000088   Code   RO         2025    i.TEC_TempV         formula.o
    0x08004ccc   0x0000002c   Code   RO         2283    i.UART1_Comm_IRQHandler  uart1_comm.o
    0x08004cf8   0x00000010   Code   RO         2284    i.UART1_Comm_IsTxBusy  uart1_comm.o
    0x08004d08   0x00000050   Code   RO         2285    i.UART1_Comm_OnError  uart1_comm.o
    0x08004d58   0x00000014   Code   RO         2286    i.UART1_Comm_OnRxDmaEvent  uart1_comm.o
    0x08004d6c   0x00000018   Code   RO         2287    i.UART1_Comm_OnTxCplt  uart1_comm.o
    0x08004d84   0x0000006c   Code   RO         2288    i.UART1_Comm_ProcessRxDmaBuffer  uart1_comm.o
    0x08004df0   0x00000054   Code   RO         2289    i.UART1_Comm_PushRxByte  uart1_comm.o
    0x08004e44   0x00000054   Code   RO         2290    i.UART1_Comm_ReadLine  uart1_comm.o
    0x08004e98   0x00000058   Code   RO         2291    i.UART1_Comm_Start  uart1_comm.o
    0x08004ef0   0x00000058   Code   RO         2292    i.UART1_SendString_DMA  uart1_comm.o
    0x08004f48   0x0000000e   Code   RO          465    i.UART_DMAAbortOnError  stm32f4xx_hal_uart.o
    0x08004f56   0x0000004a   Code   RO          466    i.UART_DMAError     stm32f4xx_hal_uart.o
    0x08004fa0   0x00000086   Code   RO          467    i.UART_DMAReceiveCplt  stm32f4xx_hal_uart.o
    0x08005026   0x0000001e   Code   RO          469    i.UART_DMARxHalfCplt  stm32f4xx_hal_uart.o
    0x08005044   0x00000042   Code   RO          471    i.UART_DMATransmitCplt  stm32f4xx_hal_uart.o
    0x08005086   0x0000000a   Code   RO          473    i.UART_DMATxHalfCplt  stm32f4xx_hal_uart.o
    0x08005090   0x0000004e   Code   RO          475    i.UART_EndRxTransfer  stm32f4xx_hal_uart.o
    0x080050de   0x0000001c   Code   RO          476    i.UART_EndTxTransfer  stm32f4xx_hal_uart.o
    0x080050fa   0x000000c2   Code   RO          477    i.UART_Receive_IT   stm32f4xx_hal_uart.o
    0x080051bc   0x000000dc   Code   RO          478    i.UART_SetConfig    stm32f4xx_hal_uart.o
    0x08005298   0x000000a0   Code   RO          479    i.UART_Start_Receive_DMA  stm32f4xx_hal_uart.o
    0x08005338   0x00000018   Code   RO          314    i.USART1_IRQHandler  stm32f4xx_it.o
    0x08005350   0x00000002   Code   RO          315    i.UsageFault_Handler  stm32f4xx_it.o
    0x08005352   0x00000030   Code   RO         2813    i.__ARM_fpclassify  m_wm.l(fpclassify.o)
    0x08005382   0x00000026   Code   RO         2815    i.__ARM_fpclassifyf  m_wm.l(fpclassifyf.o)
    0x080053a8   0x00000020   Code   RO         1545    i.__NVIC_SetPriority  stm32f4xx_hal_cortex.o
    0x080053c8   0x000001e8   Code   RO         2682    i.__hardfp_expf     m_wm.l(expf.o)
    0x080055b0   0x000003e4   Code   RO         2696    i.__hardfp_log      m_wm.l(log.o)
    0x08005994   0x000000f8   Code   RO         2819    i.__kernel_poly     m_wm.l(poly.o)
    0x08005a8c   0x00000010   Code   RO         2817    i.__mathlib_flt_underflow  m_wm.l(funder.o)
    0x08005a9c   0x0000000e   Code   RO         2609    i._is_digit         c_w.l(__printf_wp.o)
    0x08005aaa   0x00000016   Code   RO         2182    i.delay_us          ads1255.o
    0x08005ac0   0x00000240   Code   RO           20    i.main              main.o
    0x08005d00   0x0000002c   Code   RO         2897    locale$$code        c_w.l(lc_numeric_c.o)
    0x08005d2c   0x0000002c   Code   RO         2916    locale$$code        c_w.l(lc_ctype_c.o)
    0x08005d58   0x00000062   Code   RO         2638    x$fpl$d2f           fz_wm.l(d2f.o)
    0x08005dba   0x00000002   PAD
    0x08005dbc   0x00000150   Code   RO         2640    x$fpl$dadd          fz_wm.l(daddsub_clz.o)
    0x08005f0c   0x00000018   Code   RO         2784    x$fpl$dcmpinf       fz_wm.l(dcmpi.o)
    0x08005f24   0x000002b0   Code   RO         2647    x$fpl$ddiv          fz_wm.l(ddiv.o)
    0x080061d4   0x00000078   Code   RO         2786    x$fpl$deqf          fz_wm.l(deqf.o)
    0x0800624c   0x0000005a   Code   RO         2650    x$fpl$dfixu         fz_wm.l(dfixu.o)
    0x080062a6   0x0000002e   Code   RO         2655    x$fpl$dflt          fz_wm.l(dflt_clz.o)
    0x080062d4   0x00000026   Code   RO         2654    x$fpl$dfltu         fz_wm.l(dflt_clz.o)
    0x080062fa   0x00000002   PAD
    0x080062fc   0x00000078   Code   RO         2660    x$fpl$dleqf         fz_wm.l(dleqf.o)
    0x08006374   0x00000154   Code   RO         2662    x$fpl$dmul          fz_wm.l(dmul.o)
    0x080064c8   0x0000009c   Code   RO         2792    x$fpl$dnaninf       fz_wm.l(dnaninf.o)
    0x08006564   0x0000000c   Code   RO         2794    x$fpl$dretinf       fz_wm.l(dretinf.o)
    0x08006570   0x0000006c   Code   RO         2664    x$fpl$drleqf        fz_wm.l(drleqf.o)
    0x080065dc   0x00000016   Code   RO         2641    x$fpl$drsb          fz_wm.l(daddsub_clz.o)
    0x080065f2   0x00000002   PAD
    0x080065f4   0x000001d4   Code   RO         2642    x$fpl$dsub          fz_wm.l(daddsub_clz.o)
    0x080067c8   0x00000056   Code   RO         2666    x$fpl$f2d           fz_wm.l(f2d.o)
    0x0800681e   0x0000008c   Code   RO         2796    x$fpl$fnaninf       fz_wm.l(fnaninf.o)
    0x080068aa   0x0000000a   Code   RO         2980    x$fpl$fpinit        fz_wm.l(fpinit.o)
    0x080068b4   0x0000000a   Code   RO         2798    x$fpl$fretinf       fz_wm.l(fretinf.o)
    0x080068be   0x00000004   Code   RO         2802    x$fpl$printf1       fz_wm.l(printf1.o)
    0x080068c2   0x00000004   Code   RO         2804    x$fpl$printf2       fz_wm.l(printf2.o)
    0x080068c6   0x00000000   Code   RO         2810    x$fpl$usenofp       fz_wm.l(usenofp.o)
    0x080068c6   0x00000008   Data   RO         1259    .constdata          stm32f4xx_hal_dma.o
    0x080068ce   0x00000010   Data   RO         1937    .constdata          system_stm32f4xx.o
    0x080068de   0x00000008   Data   RO         1938    .constdata          system_stm32f4xx.o
    0x080068e6   0x00000011   Data   RO         2617    .constdata          c_w.l(__printf_flags_ss_wp.o)
    0x080068f7   0x00000001   PAD
    0x080068f8   0x00000030   Data   RO         2685    .constdata          m_wm.l(expf.o)
    0x08006928   0x00000038   Data   RO         2699    .constdata          m_wm.l(log.o)
    0x08006960   0x00000008   Data   RO         2732    .constdata          c_w.l(_printf_wctomb.o)
    0x08006968   0x00000028   Data   RO         2761    .constdata          c_w.l(_printf_hex_int_ll_ptr.o)
    0x08006990   0x00000008   Data   RO         2821    .constdata          m_wm.l(qnan.o)
    0x08006998   0x00000026   Data   RO         2849    .constdata          c_w.l(_printf_fp_hex.o)
    0x080069be   0x00000002   PAD
    0x080069c0   0x00000094   Data   RO         2872    .constdata          c_w.l(bigflt0.o)
    0x08006a54   0x000000c0   Data   RO           22    .conststring        main.o
    0x08006b14   0x00000020   Data   RO         3035    Region$$Table       anon$$obj.o
    0x08006b34   0x0000001c   Data   RO         2896    locale$$data        c_w.l(lc_numeric_c.o)
    0x08006b50   0x00000110   Data   RO         2915    locale$$data        c_w.l(lc_ctype_c.o)


    Execution Region RW_IRAM1 (Base: 0x20000000, Size: 0x00000b10, Max: 0x0001c000, ABSOLUTE)

    Base Addr    Size         Type   Attr      Idx    E Section Name        Object

    0x20000000   0x00000040   Data   RW           23    .data               main.o
    0x20000040   0x0000000c   Data   RW         1704    .data               stm32f4xx_hal.o
    0x2000004c   0x00000004   Data   RW         1939    .data               system_stm32f4xx.o
    0x20000050   0x00000008   Data   RW         2294    .data               uart1_comm.o
    0x20000058   0x00000008   Data   RW         2376    .data               command_parser.o
    0x20000060   0x00000134   Zero   RW           21    .bss                main.o
    0x20000194   0x00000108   Zero   RW          265    .bss                usart.o
    0x2000029c   0x00000010   Zero   RW         2099    .bss                bsp_dac8568.o
    0x200002ac   0x00000200   Zero   RW         2293    .bss                uart1_comm.o
    0x200004ac   0x00000060   Zero   RW         2858    .bss                c_w.l(libspace.o)
    0x2000050c   0x00000004   PAD
    0x20000510   0x00000200   Zero   RW            2    HEAP                startup_stm32f407xx.o
    0x20000710   0x00000400   Zero   RW            1    STACK               startup_stm32f407xx.o


    Execution Region RW_IRAM2 (Base: 0x2001c000, Size: 0x00000000, Max: 0x00004000, ABSOLUTE)

    **** No section assigned to this execution region ****


==============================================================================

Image component sizes


      Code (inc. data)   RO Data    RW Data    ZI Data      Debug   Object Name

       938         82          0          0          0       6832   ads1255.o
       668         70          0          0         16       4789   bsp_dac8568.o
       912        184          0          8          0       5267   command_parser.o
        60          4          0          0          0        786   dma.o
       552         66          0          0          0       4442   formula.o
       220         16          0          0          0       1003   gpio.o
       924        172        192         64        308     667800   main.o
      3072         88          0          0          0      17438   pid.o
        64         26        392          0       1536        844   startup_stm32f407xx.o
       180         28          0         12          0       9349   stm32f4xx_hal.o
       198         14          0          0          0      33463   stm32f4xx_hal_cortex.o
      1088         16          8          0          0       7121   stm32f4xx_hal_dma.o
       516         46          0          0          0       2631   stm32f4xx_hal_gpio.o
        48          6          0          0          0        862   stm32f4xx_hal_msp.o
      1348         76          0          0          0       5044   stm32f4xx_hal_rcc.o
      2060         40          0          0          0      13453   stm32f4xx_hal_uart.o
        68         18          0          0          0       5654   stm32f4xx_it.o
        16          4         24          4          0       1127   system_stm32f4xx.o
       316         74          0          0          0        887   thermal.o
       636         98          0          8        512       7423   uart1_comm.o
       292         28          0          0        264       1864   usart.o

    ----------------------------------------------------------------------
     14196       1156        648         96       2636     798079   Object Totals
         0          0         32          0          0          0   (incl. Generated)
        20          0          0          0          0          0   (incl. Padding)

    ----------------------------------------------------------------------

      Code (inc. data)   RO Data    RW Data    ZI Data      Debug   Library Member Name

        56          6          0          0          0         88   __2snprintf.o
         8          0          0          0          0         68   __main.o
       392          4         17          0          0         92   __printf_flags_ss_wp.o
        14          0          0          0          0         68   __printf_wp.o
        52          8          0          0          0          0   __scatter.o
        26          0          0          0          0          0   __scatter_copy.o
        28          0          0          0          0          0   __scatter_zi.o
         6          0          0          0          0          0   _printf_a.o
         6          0          0          0          0          0   _printf_c.o
        44          0          0          0          0        108   _printf_char.o
        48          6          0          0          0         96   _printf_char_common.o
        40          0          0          0          0         68   _printf_charcount.o
         6          0          0          0          0          0   _printf_d.o
       116         16          0          0          0         92   _printf_dec.o
         6          0          0          0          0          0   _printf_e.o
         6          0          0          0          0          0   _printf_f.o
      1046          0          0          0          0        216   _printf_fp_dec.o
       760         10         38          0          0        100   _printf_fp_hex.o
       128         16          0          0          0         84   _printf_fp_infnan.o
         6          0          0          0          0          0   _printf_g.o
       148          4         40          0          0        160   _printf_hex_int_ll_ptr.o
         6          0          0          0          0          0   _printf_i.o
       178          0          0          0          0         88   _printf_intcommon.o
        10          0          0          0          0          0   _printf_l.o
         6          0          0          0          0          0   _printf_lc.o
        10          0          0          0          0          0   _printf_ll.o
         6          0          0          0          0          0   _printf_lld.o
         6          0          0          0          0          0   _printf_lli.o
         6          0          0          0          0          0   _printf_llo.o
         6          0          0          0          0          0   _printf_llu.o
         6          0          0          0          0          0   _printf_llx.o
       120         16          0          0          0         92   _printf_longlong_dec.o
         6          0          0          0          0          0   _printf_ls.o
         6          0          0          0          0          0   _printf_n.o
         6          0          0          0          0          0   _printf_o.o
       112          8          0          0          0        124   _printf_oct_int_ll.o
         6          0          0          0          0          0   _printf_p.o
        78          0          0          0          0        108   _printf_pad.o
         0          0          0          0          0          0   _printf_percent.o
         4          0          0          0          0          0   _printf_percent_end.o
         6          0          0          0          0          0   _printf_s.o
        82          0          0          0          0         80   _printf_str.o
        36          0          0          0          0         84   _printf_truncate.o
         6          0          0          0          0          0   _printf_u.o
        44          0          0          0          0        108   _printf_wchar.o
       188          6          8          0          0         92   _printf_wctomb.o
         6          0          0          0          0          0   _printf_x.o
        22          0          0          0          0        100   _rserrno.o
        16          0          0          0          0         68   _snputc.o
        10          0          0          0          0         68   _sputc.o
        64          0          0          0          0         92   _wcrtomb.o
       216          4        148          0          0         96   bigflt0.o
      1910        128          0          0          0        672   btod.o
        12          0          0          0          0         72   exit.o
         6          0          0          0          0        152   heapauxi.o
         0          0          0          0          0          0   indicate_semi.o
        44         10        272          0          0         76   lc_ctype_c.o
        44         10         28          0          0         76   lc_numeric_c.o
         2          0          0          0          0          0   libinit.o
        34          0          0          0          0          0   libinit2.o
         2          0          0          0          0          0   libshutdown.o
         2          0          0          0          0          0   libshutdown2.o
         8          4          0          0         96         68   libspace.o
        72          0          0          0          0         76   llsdiv.o
       138          0          0          0          0         80   lludiv10.o
       238          0          0          0          0        100   lludivv7m.o
        16          4          0          0          0         76   rt_ctype_table.o
         8          4          0          0          0         68   rt_errno_addr_intlibspace.o
         8          4          0          0          0         68   rt_locale_intlibspace.o
        68          0          0          0          0         68   rt_memclr.o
        78          0          0          0          0         80   rt_memclr_w.o
       138          0          0          0          0         68   rt_memcpy_v6.o
       100          0          0          0          0         80   rt_memcpy_w.o
         0          0          0          0          0          0   rtentry.o
        12          0          0          0          0          0   rtentry2.o
         6          0          0          0          0          0   rtentry4.o
         2          0          0          0          0          0   rtexit.o
        10          0          0          0          0          0   rtexit2.o
        20          0          0          0          0         68   strchr.o
       128          0          0          0          0         68   strcmpv7m.o
        12          4          0          0          0         68   sys_exit.o
        74          0          0          0          0         80   sys_stackheap_outer.o
         2          0          0          0          0         68   use_no_semi.o
        52          4          0          0          0         80   vsnprintf.o
        98          4          0          0          0        140   d2f.o
       826         16          0          0          0        492   daddsub_clz.o
        24          0          0          0          0        116   dcmpi.o
       688        140          0          0          0        256   ddiv.o
       120          4          0          0          0        140   deqf.o
        90          4          0          0          0        140   dfixu.o
        84          0          0          0          0        232   dflt_clz.o
       120          4          0          0          0        140   dleqf.o
       340         12          0          0          0        152   dmul.o
       156          4          0          0          0        140   dnaninf.o
        12          0          0          0          0        116   dretinf.o
       108          0          0          0          0        128   drleqf.o
        86          4          0          0          0        132   f2d.o
       140          4          0          0          0        132   fnaninf.o
        10          0          0          0          0        116   fpinit.o
        10          0          0          0          0        116   fretinf.o
         4          0          0          0          0        116   printf1.o
         4          0          0          0          0        116   printf2.o
         0          0          0          0          0          0   usenofp.o
       488         66         48          0          0        212   expf.o
        48          0          0          0          0        124   fpclassify.o
        38          0          0          0          0        116   fpclassifyf.o
        16          6          0          0          0        116   funder.o
       996        114         56          0          0        232   log.o
       248          0          0          0          0        152   poly.o
         0          0          8          0          0          0   qnan.o

    ----------------------------------------------------------------------
     12234        658        666          0        100       8624   Library Totals
        18          0          3          0          4          0   (incl. Padding)

    ----------------------------------------------------------------------

      Code (inc. data)   RO Data    RW Data    ZI Data      Debug   Library Name

      7462        276        551          0         96       4752   c_w.l
      2920        196          0          0          0       2920   fz_wm.l
      1834        186        112          0          0        952   m_wm.l

    ----------------------------------------------------------------------
     12234        658        666          0        100       8624   Library Totals

    ----------------------------------------------------------------------

==============================================================================


      Code (inc. data)   RO Data    RW Data    ZI Data      Debug   

     26430       1814       1314         96       2736     788851   Grand Totals
     26430       1814       1314         96       2736     788851   ELF Image Totals
     26430       1814       1314         96          0          0   ROM Totals

==============================================================================

    Total RO  Size (Code + RO Data)                27744 (  27.09kB)
    Total RW  Size (RW Data + ZI Data)              2832 (   2.77kB)
    Total ROM Size (Code + RO Data + RW Data)      27840 (  27.19kB)

==============================================================================

